******************************************************************************
                  TI ARM Linker PC v20.2.7                     
******************************************************************************
>> Linked Sun May 14 14:44:52 2023

OUTPUT FILE NAME:   <GPS_Distance_Tracking_System.out>
ENTRY POINT SYMBOL: "_c_int00_noargs"  address: 0000603d


MEMORY CONFIGURATION

         name            origin    length      used     unused   attr    fill
----------------------  --------  ---------  --------  --------  ----  --------
  FLASH                 00000000   00040000  00006538  00039ac8  R  X
  SRAM                  20000000   00008000  00000209  00007df7  RW X


SEGMENT ALLOCATION MAP

run origin  load origin   length   init length attrs members
----------  ----------- ---------- ----------- ----- -------
00000000    00000000    00006538   00006538    r-x
  00000000    00000000    0000026c   0000026c    r-- .intvecs
  0000026c    0000026c    00005ea4   00005ea4    r-x .text
  00006110    00006110    000003f8   000003f8    r-- .const
  00006508    00006508    00000030   00000030    r-- .cinit
20000000    20000000    00000209   00000000    rw-
  20000000    20000000    00000200   00000000    rw- .stack
  20000200    20000200    00000005   00000000    rw- .data
  20000205    20000205    00000004   00000000    rw- .bss


SECTION ALLOCATION MAP

 output                                  attributes/
section   page    origin      length       input sections
--------  ----  ----------  ----------   ----------------
.intvecs   0    00000000    0000026c     
                  00000000    0000026c     tm4c123gh6pm_startup_ccs.obj (.intvecs)

.text      0    0000026c    00005ea4     
                  0000026c    00000c78     UART_program.obj (.text)
                  00000ee4    00000b38     DIO_program.obj (.text)
                  00001a1c    000009d0     rtsv7M4_T_le_v4SPD16_eabi.lib : e_pow.c.obj (.text:pow)
                  000023ec    00000738                                   : k_rem_pio2.c.obj (.text:__kernel_rem_pio2)
                  00002b24    000005e0                                   : s_sin.c.obj (.text:sin)
                  00003104    000005dc                                   : s_cos.c.obj (.text:cos)
                  000036e0    000004dc     GPS_program.obj (.text)
                  00003bbc    00000460     rtsv7M4_T_le_v4SPD16_eabi.lib : strtod.c.obj (.text:strtod)
                  0000401c    00000384     LCD_program.obj (.text)
                  000043a0    00000374     APP.obj (.text)
                  00004714    000002ec     rtsv7M4_T_le_v4SPD16_eabi.lib : s_atan.c.obj (.text:atan)
                  00004a00    000002e8     main.obj (.text)
                  00004ce8    000001e4     rtsv7M4_T_le_v4SPD16_eabi.lib : e_atan2.c.obj (.text:atan2)
                  00004ecc    000001b6                                   : fd_add_t2.asm.obj (.text)
                  00005082    00000002     --HOLE-- [fill = 0]
                  00005084    000001a4     STK_program.obj (.text)
                  00005228    0000019a     LED_program.obj (.text)
                  000053c2    00000002     --HOLE-- [fill = 0]
                  000053c4    00000174     rtsv7M4_T_le_v4SPD16_eabi.lib : k_sin.c.obj (.text:__kernel_sin)
                  00005538    00000170                                   : k_cos.c.obj (.text:__kernel_cos)
                  000056a8    00000158                                   : e_sqrt.c.obj (.text:sqrt)
                  00005800    00000136                                   : fd_div_t2.asm.obj (.text)
                  00005936    00000002     --HOLE-- [fill = 0]
                  00005938    00000110                                   : s_scalbn.c.obj (.text:scalbn)
                  00005a48    000000fc                                   : fd_mul_t2.asm.obj (.text)
                  00005b44    000000f8                                   : s_floor.c.obj (.text:floor)
                  00005c3c    0000009c                                   : memcpy_t2.asm.obj (.text)
                  00005cd8    00000086                                   : fd_cmp_t2.asm.obj (.text:__aeabi_cdcmple)
                  00005d5e    00000086                                   : fd_cmp_t2.asm.obj (.text:__aeabi_cdrcmple)
                  00005de4    0000007a                                   : memset_t2.asm.obj (.text)
                  00005e5e    0000006e                                   : fd_tos_t2.asm.obj (.text)
                  00005ecc    00000068                                   : copy_decompress_lzss.c.obj (.text:decompress:lzss:__TI_decompress_lzss)
                  00005f34    00000048                                   : fd_toi_t2.asm.obj (.text)
                  00005f7c    00000044                                   : autoinit.c.obj (.text:__TI_auto_init_nobinit_nopinit:__TI_auto_init_nobinit_nopinit)
                  00005fc0    00000044                                   : fd_tou_t2.asm.obj (.text)
                  00006004    00000038                                   : fs_tod_t2.asm.obj (.text)
                  0000603c    00000034                                   : boot_cortex_m.c.obj (.text:_c_int00_noargs:_c_int00_noargs)
                  00006070    0000002e                                   : i_tofd_t2.asm.obj (.text)
                  0000609e    0000001c                                   : copy_zero_init.c.obj (.text:decompress:ZI:__TI_zero_init_nomemset:__TI_zero_init_nomemset)
                  000060ba    0000001a                                   : s_copysign.c.obj (.text:copysign)
                  000060d4    00000012                                   : atof.c.obj (.text:atof)
                  000060e6    0000000e                                   : copy_decompress_none.c.obj (.text:decompress:none:__TI_decompress_none)
                  000060f4    0000000c     tm4c123gh6pm_startup_ccs.obj (.text)
                  00006100    00000008     rtsv7M4_T_le_v4SPD16_eabi.lib : errno.c.obj (.text:__aeabi_errno_addr)
                  00006108    00000004                                   : pre_init.c.obj (.text:_system_pre_init)
                  0000610c    00000004                                   : exit.c.obj (.text:abort:abort)

.const     0    00006110    000003f8     
                  00006110    00000158     rtsv7M4_T_le_v4SPD16_eabi.lib : k_rem_pio2.c.obj (.const:$O1$$)
                  00006268    00000101                                   : ctype.c.obj (.const:.string:_ctypes_)
                  00006369    00000007     --HOLE-- [fill = 0]
                  00006370    000000c8                                   : strtod.c.obj (.const:$O1$$)
                  00006438    00000098                                   : s_atan.c.obj (.const:$O1$$)
                  000064d0    00000030                                   : e_pow.c.obj (.const:$O1$$)
                  00006500    00000008     GPS_program.obj (.const:.string:$P$T0$2)

.cinit     0    00006508    00000030     
                  00006508    0000000c     (__TI_handler_table)
                  00006514    00000004     --HOLE-- [fill = 0]
                  00006518    00000008     (.cinit..bss.load) [load image, compression = zero_init]
                  00006520    00000007     (.cinit..data.load) [load image, compression = lzss]
                  00006527    00000001     --HOLE-- [fill = 0]
                  00006528    00000010     (__TI_cinit_table)

.init_array 
*          0    00000000    00000000     UNINITIALIZED

.data      0    20000200    00000005     UNINITIALIZED
                  20000200    00000004     rtsv7M4_T_le_v4SPD16_eabi.lib : errno.c.obj (.data)
                  20000204    00000001     GPS_program.obj (.data)

.bss       0    20000205    00000004     UNINITIALIZED
                  20000205    00000004     (.common:GPS_u8SpeedArr)

.stack     0    20000000    00000200     UNINITIALIZED
                  20000000    00000004     rtsv7M4_T_le_v4SPD16_eabi.lib : boot_cortex_m.c.obj (.stack)
                  20000004    000001fc     --HOLE--

__llvm_prf_cnts 
*          0    20000000    00000000     UNINITIALIZED

MODULE SUMMARY

       Module                         code    ro data   rw data
       ------                         ----    -------   -------
    .\
       tm4c123gh6pm_startup_ccs.obj   12      620       0      
    +--+------------------------------+-------+---------+---------+
       Total:                         12      620       0      
                                                               
    .\APP\
       APP.obj                        884     0         0      
       main.obj                       744     0         4      
    +--+------------------------------+-------+---------+---------+
       Total:                         1628    0         4      
                                                               
    .\HAL\GPS\
       GPS_program.obj                1244    8         1      
    +--+------------------------------+-------+---------+---------+
       Total:                         1244    8         1      
                                                               
    .\HAL\LCD\
       LCD_program.obj                900     0         0      
    +--+------------------------------+-------+---------+---------+
       Total:                         900     0         0      
                                                               
    .\HAL\LED\
       LED_program.obj                410     0         0      
    +--+------------------------------+-------+---------+---------+
       Total:                         410     0         0      
                                                               
    .\MCAL\DIO\
       DIO_program.obj                2872    0         0      
    +--+------------------------------+-------+---------+---------+
       Total:                         2872    0         0      
                                                               
    .\MCAL\STK\
       STK_program.obj                420     0         0      
    +--+------------------------------+-------+---------+---------+
       Total:                         420     0         0      
                                                               
    .\MCAL\UART\
       UART_program.obj               3192    0         0      
    +--+------------------------------+-------+---------+---------+
       Total:                         3192    0         0      
                                                               
    C:\ti\ccs1220\ccs\tools\compiler\ti-cgt-arm_20.2.7.LTS\lib\rtsv7M4_T_le_v4SPD16_eabi.lib
       e_pow.c.obj                    2512    48        0      
       k_rem_pio2.c.obj               1848    344       0      
       s_sin.c.obj                    1504    0         0      
       s_cos.c.obj                    1500    0         0      
       strtod.c.obj                   1120    200       0      
       s_atan.c.obj                   748     152       0      
       e_atan2.c.obj                  484     0         0      
       fd_add_t2.asm.obj              438     0         0      
       k_sin.c.obj                    372     0         0      
       k_cos.c.obj                    368     0         0      
       e_sqrt.c.obj                   344     0         0      
       fd_div_t2.asm.obj              310     0         0      
       s_scalbn.c.obj                 272     0         0      
       fd_cmp_t2.asm.obj              268     0         0      
       ctype.c.obj                    0       257       0      
       fd_mul_t2.asm.obj              252     0         0      
       s_floor.c.obj                  248     0         0      
       memcpy_t2.asm.obj              156     0         0      
       memset_t2.asm.obj              122     0         0      
       fd_tos_t2.asm.obj              110     0         0      
       copy_decompress_lzss.c.obj     104     0         0      
       fd_toi_t2.asm.obj              72      0         0      
       autoinit.c.obj                 68      0         0      
       fd_tou_t2.asm.obj              68      0         0      
       fs_tod_t2.asm.obj              56      0         0      
       boot_cortex_m.c.obj            52      0         0      
       i_tofd_t2.asm.obj              46      0         0      
       copy_zero_init.c.obj           28      0         0      
       s_copysign.c.obj               26      0         0      
       atof.c.obj                     18      0         0      
       copy_decompress_none.c.obj     14      0         0      
       errno.c.obj                    8       0         4      
       exit.c.obj                     4       0         0      
       pre_init.c.obj                 4       0         0      
    +--+------------------------------+-------+---------+---------+
       Total:                         13544   1001      4      
                                                               
       Stack:                         0       0         512    
       Linker Generated:              0       43        0      
    +--+------------------------------+-------+---------+---------+
       Grand Total:                   24222   1672      521    


LINKER GENERATED COPY TABLES

__TI_cinit_table @ 00006528 records: 2, size/record: 8, table size: 16
	.bss: load addr=00006518, load size=00000008 bytes, run addr=20000205, run size=00000004 bytes, compression=zero_init
	.data: load addr=00006520, load size=00000007 bytes, run addr=20000200, run size=00000005 bytes, compression=lzss


LINKER GENERATED HANDLER TABLE

__TI_handler_table @ 00006508 records: 3, size/record: 4, table size: 12
	index: 0, handler: __TI_decompress_lzss
	index: 1, handler: __TI_decompress_none
	index: 2, handler: __TI_zero_init


GLOBAL SYMBOLS: SORTED ALPHABETICALLY BY Name 

address   name                          
-------   ----                          
000045e1  APP_u8LightLED                
000043a1  APP_voidGetDistance           
0000610d  C$$EXIT                       
00001465  DIO_u8GetPinValue             
00001861  DIO_u8GetPortValue            
00001023  DIO_u8SetPinDirection         
00001289  DIO_u8SetPinValue             
00001675  DIO_u8SetPortDirection        
000017bf  DIO_u8SetPortValue            
00001901  DIO_u8TogglePinValue          
00000ee5  DIO_voidInit                  
20000205  GPS_u8SpeedArr                
00003975  GPS_voidExtractCoordinates    
0000383b  GPS_voidReceiveSentence       
0000423d  LCD_voidClear                 
0000432f  LCD_voidGoToXYPos             
0000401d  LCD_voidInit                  
00004163  LCD_voidSendChar              
00004089  LCD_voidSendCommand           
00004277  LCD_voidSendNumber            
00004247  LCD_voidSendString            
0000530b  LED_voidLedBlinkOnce          
00005381  LED_voidLedBlinkTwice         
00005229  LED_voidLedInit               
00005291  LED_voidLedOff                
000053a1  LED_voidLedOffAll             
00005251  LED_voidLedOn                 
000052d1  LED_voidLedTog                
000060f5  ResetISR                      
00005085  STK_voidConfig                
00005185  STK_voidDelay                 
000051e9  STK_voidDelayTicks            
000051b5  STK_voidDelayUs               
0000513f  STK_voidDisable               
0000516d  STK_voidDisableInterrupt      
00005129  STK_voidEnable                
00005157  STK_voidEnableInterrupt       
000050e9  STK_voidGetCurrentValue       
000050c5  STK_voidHandler               
000050c7  STK_voidReset                 
000050fb  STK_voidSetReloadValue        
0000026d  UART_voidInit                 
00000d1d  UART_voidReceiveByte          
00000e3d  UART_voidReceiveString        
00000c29  UART_voidSendByte             
00000df5  UART_voidSendString           
20000200  __STACK_END                   
00000200  __STACK_SIZE                  
20000200  __STACK_TOP                   
00006528  __TI_CINIT_Base               
00006538  __TI_CINIT_Limit              
00006508  __TI_Handler_Table_Base       
00006514  __TI_Handler_Table_Limit      
00005f7d  __TI_auto_init_nobinit_nopinit
00005ecd  __TI_decompress_lzss          
000060e7  __TI_decompress_none          
ffffffff  __TI_pprof_out_hndl           
ffffffff  __TI_prof_data_size           
ffffffff  __TI_prof_data_start          
00000000  __TI_static_base__            
0000609f  __TI_zero_init_nomemset       
00005cd9  __aeabi_cdcmpeq               
00005cd9  __aeabi_cdcmple               
00005d5f  __aeabi_cdrcmple              
00005e5f  __aeabi_d2f                   
00005f35  __aeabi_d2iz                  
00005fc1  __aeabi_d2uiz                 
00004ed7  __aeabi_dadd                  
00005801  __aeabi_ddiv                  
00005a49  __aeabi_dmul                  
00004ecd  __aeabi_dsub                  
00006101  __aeabi_errno_addr            
00006005  __aeabi_f2d                   
00006071  __aeabi_i2d                   
00005de5  __aeabi_memclr                
00005de5  __aeabi_memclr4               
00005de5  __aeabi_memclr8               
00005c3d  __aeabi_memcpy                
00005c3d  __aeabi_memcpy4               
00005c3d  __aeabi_memcpy8               
00005de7  __aeabi_memset                
00005de7  __aeabi_memset4               
00005de7  __aeabi_memset8               
ffffffff  __binit__                     
ffffffff  __c_args__                    
00005539  __kernel_cos                  
000023ed  __kernel_rem_pio2             
000053c5  __kernel_sin                  
UNDEFED   __mpu_init                    
20000000  __stack                       
20000000  __start___llvm_prf_cnts       
20000000  __stop___llvm_prf_cnts        
0000603d  _c_int00_noargs               
00006268  _ctypes_                      
UNDEFED   _system_post_cinit            
00006109  _system_pre_init              
0000610d  abort                         
00004715  atan                          
00004ce9  atan2                         
00004ce9  atan2l                        
00004715  atanl                         
000060d5  atof                          
ffffffff  binit                         
000060bb  copysign                      
000060bb  copysignl                     
00003105  cos                           
00003105  cosl                          
20000200  errno                         
00005b45  floor                         
00005b45  floorl                        
0000379b  ftoa                          
00000000  g_pfnVectors                  
00003731  intToStr                      
00005939  ldexp                         
00005939  ldexpl                        
00004a01  main                          
00005c3d  memcpy                        
00005ded  memset                        
00001a1d  pow                           
00001a1d  powl                          
000036e1  reverse                       
00005939  scalbn                        
00005939  scalbnl                       
00002b25  sin                           
00002b25  sinl                          
000056a9  sqrt                          
000056a9  sqrtl                         
00003bbd  strtod                        
00003bbd  strtold                       
00004695  truncate                      


GLOBAL SYMBOLS: SORTED BY Symbol Address 

address   name                          
-------   ----                          
00000000  __TI_static_base__            
00000000  g_pfnVectors                  
00000200  __STACK_SIZE                  
0000026d  UART_voidInit                 
00000c29  UART_voidSendByte             
00000d1d  UART_voidReceiveByte          
00000df5  UART_voidSendString           
00000e3d  UART_voidReceiveString        
00000ee5  DIO_voidInit                  
00001023  DIO_u8SetPinDirection         
00001289  DIO_u8SetPinValue             
00001465  DIO_u8GetPinValue             
00001675  DIO_u8SetPortDirection        
000017bf  DIO_u8SetPortValue            
00001861  DIO_u8GetPortValue            
00001901  DIO_u8TogglePinValue          
00001a1d  pow                           
00001a1d  powl                          
000023ed  __kernel_rem_pio2             
00002b25  sin                           
00002b25  sinl                          
00003105  cos                           
00003105  cosl                          
000036e1  reverse                       
00003731  intToStr                      
0000379b  ftoa                          
0000383b  GPS_voidReceiveSentence       
00003975  GPS_voidExtractCoordinates    
00003bbd  strtod                        
00003bbd  strtold                       
0000401d  LCD_voidInit                  
00004089  LCD_voidSendCommand           
00004163  LCD_voidSendChar              
0000423d  LCD_voidClear                 
00004247  LCD_voidSendString            
00004277  LCD_voidSendNumber            
0000432f  LCD_voidGoToXYPos             
000043a1  APP_voidGetDistance           
000045e1  APP_u8LightLED                
00004695  truncate                      
00004715  atan                          
00004715  atanl                         
00004a01  main                          
00004ce9  atan2                         
00004ce9  atan2l                        
00004ecd  __aeabi_dsub                  
00004ed7  __aeabi_dadd                  
00005085  STK_voidConfig                
000050c5  STK_voidHandler               
000050c7  STK_voidReset                 
000050e9  STK_voidGetCurrentValue       
000050fb  STK_voidSetReloadValue        
00005129  STK_voidEnable                
0000513f  STK_voidDisable               
00005157  STK_voidEnableInterrupt       
0000516d  STK_voidDisableInterrupt      
00005185  STK_voidDelay                 
000051b5  STK_voidDelayUs               
000051e9  STK_voidDelayTicks            
00005229  LED_voidLedInit               
00005251  LED_voidLedOn                 
00005291  LED_voidLedOff                
000052d1  LED_voidLedTog                
0000530b  LED_voidLedBlinkOnce          
00005381  LED_voidLedBlinkTwice         
000053a1  LED_voidLedOffAll             
000053c5  __kernel_sin                  
00005539  __kernel_cos                  
000056a9  sqrt                          
000056a9  sqrtl                         
00005801  __aeabi_ddiv                  
00005939  ldexp                         
00005939  ldexpl                        
00005939  scalbn                        
00005939  scalbnl                       
00005a49  __aeabi_dmul                  
00005b45  floor                         
00005b45  floorl                        
00005c3d  __aeabi_memcpy                
00005c3d  __aeabi_memcpy4               
00005c3d  __aeabi_memcpy8               
00005c3d  memcpy                        
00005cd9  __aeabi_cdcmpeq               
00005cd9  __aeabi_cdcmple               
00005d5f  __aeabi_cdrcmple              
00005de5  __aeabi_memclr                
00005de5  __aeabi_memclr4               
00005de5  __aeabi_memclr8               
00005de7  __aeabi_memset                
00005de7  __aeabi_memset4               
00005de7  __aeabi_memset8               
00005ded  memset                        
00005e5f  __aeabi_d2f                   
00005ecd  __TI_decompress_lzss          
00005f35  __aeabi_d2iz                  
00005f7d  __TI_auto_init_nobinit_nopinit
00005fc1  __aeabi_d2uiz                 
00006005  __aeabi_f2d                   
0000603d  _c_int00_noargs               
00006071  __aeabi_i2d                   
0000609f  __TI_zero_init_nomemset       
000060bb  copysign                      
000060bb  copysignl                     
000060d5  atof                          
000060e7  __TI_decompress_none          
000060f5  ResetISR                      
00006101  __aeabi_errno_addr            
00006109  _system_pre_init              
0000610d  C$$EXIT                       
0000610d  abort                         
00006268  _ctypes_                      
00006508  __TI_Handler_Table_Base       
00006514  __TI_Handler_Table_Limit      
00006528  __TI_CINIT_Base               
00006538  __TI_CINIT_Limit              
20000000  __stack                       
20000000  __start___llvm_prf_cnts       
20000000  __stop___llvm_prf_cnts        
20000200  __STACK_END                   
20000200  __STACK_TOP                   
20000200  errno                         
20000205  GPS_u8SpeedArr                
ffffffff  __TI_pprof_out_hndl           
ffffffff  __TI_prof_data_size           
ffffffff  __TI_prof_data_start          
ffffffff  __binit__                     
ffffffff  __c_args__                    
ffffffff  binit                         
UNDEFED   __mpu_init                    
UNDEFED   _system_post_cinit            

[130 symbols]
