******************************************************************************
                  TI ARM Linker PC v20.2.7                     
******************************************************************************
>> Linked Sat May 13 03:00:22 2023

OUTPUT FILE NAME:   <GPS_Distance_Tracking_System.out>
ENTRY POINT SYMBOL: "_c_int00_noargs"  address: 00005195


MEMORY CONFIGURATION

         name            origin    length      used     unused   attr    fill
----------------------  --------  ---------  --------  --------  ----  --------
  FLASH                 00000000   00040000  00005660  0003a9a0  R  X
  SRAM                  20000000   00008000  0000020d  00007df3  RW X


SEGMENT ALLOCATION MAP

run origin  load origin   length   init length attrs members
----------  ----------- ---------- ----------- ----- -------
00000000    00000000    00005660   00005660    r-x
  00000000    00000000    0000026c   0000026c    r-- .intvecs
  0000026c    0000026c    00004ffc   00004ffc    r-x .text
  00005268    00005268    000003c8   000003c8    r-- .const
  00005630    00005630    00000030   00000030    r-- .cinit
20000000    20000000    0000020d   00000000    rw-
  20000000    20000000    00000200   00000000    rw- .stack
  20000200    20000200    00000008   00000000    rw- .bss
  20000208    20000208    00000005   00000000    rw- .data


SECTION ALLOCATION MAP

 output                                  attributes/
section   page    origin      length       input sections
--------  ----  ----------  ----------   ----------------
.intvecs   0    00000000    0000026c     
                  00000000    0000026c     tm4c123gh6pm_startup_ccs.obj (.intvecs)

.text      0    0000026c    00004ffc     
                  0000026c    00000c4c     UART_program.obj (.text)
                  00000eb8    00000b38     DIO_program.obj (.text)
                  000019f0    00000738     rtsv7M4_T_le_v4SPD16_eabi.lib : k_rem_pio2.c.obj (.text:__kernel_rem_pio2)
                  00002128    000005e0                                   : s_sin.c.obj (.text:sin)
                  00002708    000005dc                                   : s_cos.c.obj (.text:cos)
                  00002ce4    00000460                                   : strtod.c.obj (.text:strtod)
                  00003144    00000384     LCD_program.obj (.text)
                  000034c8    00000308     APP.obj (.text)
                  000037d0    000002ec     rtsv7M4_T_le_v4SPD16_eabi.lib : s_atan.c.obj (.text:atan)
                  00003abc    000002d0     GPS_program.obj (.text)
                  00003d8c    000001e4     rtsv7M4_T_le_v4SPD16_eabi.lib : e_atan2.c.obj (.text:atan2)
                  00003f70    000001b6                                   : fd_add_t2.asm.obj (.text)
                  00004126    00000002     --HOLE-- [fill = 0]
                  00004128    000001a4     STK_program.obj (.text)
                  000042cc    0000019a     LED_program.obj (.text)
                  00004466    00000002     --HOLE-- [fill = 0]
                  00004468    00000174     rtsv7M4_T_le_v4SPD16_eabi.lib : k_sin.c.obj (.text:__kernel_sin)
                  000045dc    00000170                                   : k_cos.c.obj (.text:__kernel_cos)
                  0000474c    00000158                                   : e_sqrt.c.obj (.text:sqrt)
                  000048a4    00000136                                   : fd_div_t2.asm.obj (.text)
                  000049da    00000002     --HOLE-- [fill = 0]
                  000049dc    00000110                                   : s_scalbn.c.obj (.text:scalbn)
                  00004aec    000000fc                                   : fd_mul_t2.asm.obj (.text)
                  00004be8    000000f8                                   : s_floor.c.obj (.text:floor)
                  00004ce0    000000b4     main.obj (.text)
                  00004d94    0000009c     rtsv7M4_T_le_v4SPD16_eabi.lib : memcpy_t2.asm.obj (.text)
                  00004e30    00000086                                   : fd_cmp_t2.asm.obj (.text:__aeabi_cdcmple)
                  00004eb6    00000086                                   : fd_cmp_t2.asm.obj (.text:__aeabi_cdrcmple)
                  00004f3c    0000007a                                   : memset_t2.asm.obj (.text)
                  00004fb6    0000006e                                   : fd_tos_t2.asm.obj (.text)
                  00005024    00000068                                   : copy_decompress_lzss.c.obj (.text:decompress:lzss:__TI_decompress_lzss)
                  0000508c    00000048                                   : fd_toi_t2.asm.obj (.text)
                  000050d4    00000044                                   : autoinit.c.obj (.text:__TI_auto_init_nobinit_nopinit:__TI_auto_init_nobinit_nopinit)
                  00005118    00000044                                   : fd_tou_t2.asm.obj (.text)
                  0000515c    00000038                                   : fs_tod_t2.asm.obj (.text)
                  00005194    00000034                                   : boot_cortex_m.c.obj (.text:_c_int00_noargs:_c_int00_noargs)
                  000051c8    0000002e                                   : i_tofd_t2.asm.obj (.text)
                  000051f6    0000001c                                   : copy_zero_init.c.obj (.text:decompress:ZI:__TI_zero_init_nomemset:__TI_zero_init_nomemset)
                  00005212    0000001a                                   : s_copysign.c.obj (.text:copysign)
                  0000522c    00000012                                   : atof.c.obj (.text:atof)
                  0000523e    0000000e                                   : copy_decompress_none.c.obj (.text:decompress:none:__TI_decompress_none)
                  0000524c    0000000c     tm4c123gh6pm_startup_ccs.obj (.text)
                  00005258    00000008     rtsv7M4_T_le_v4SPD16_eabi.lib : errno.c.obj (.text:__aeabi_errno_addr)
                  00005260    00000004                                   : pre_init.c.obj (.text:_system_pre_init)
                  00005264    00000004                                   : exit.c.obj (.text:abort:abort)

.const     0    00005268    000003c8     
                  00005268    00000158     rtsv7M4_T_le_v4SPD16_eabi.lib : k_rem_pio2.c.obj (.const:$O1$$)
                  000053c0    00000101                                   : ctype.c.obj (.const:.string:_ctypes_)
                  000054c1    00000007     --HOLE-- [fill = 0]
                  000054c8    000000c8                                   : strtod.c.obj (.const:$O1$$)
                  00005590    00000098                                   : s_atan.c.obj (.const:$O1$$)
                  00005628    00000008     GPS_program.obj (.const:.string:$P$T0$2)

.cinit     0    00005630    00000030     
                  00005630    0000000c     (__TI_handler_table)
                  0000563c    00000004     --HOLE-- [fill = 0]
                  00005640    00000008     (.cinit..bss.load) [load image, compression = zero_init]
                  00005648    00000007     (.cinit..data.load) [load image, compression = lzss]
                  0000564f    00000001     --HOLE-- [fill = 0]
                  00005650    00000010     (__TI_cinit_table)

.init_array 
*          0    00000000    00000000     UNINITIALIZED

.bss       0    20000200    00000008     UNINITIALIZED
                  20000200    00000004     (.common:GPS_f32Latitude)
                  20000204    00000004     (.common:GPS_f32Longitude)

.data      0    20000208    00000005     UNINITIALIZED
                  20000208    00000004     rtsv7M4_T_le_v4SPD16_eabi.lib : errno.c.obj (.data)
                  2000020c    00000001     GPS_program.obj (.data)

.stack     0    20000000    00000200     UNINITIALIZED
                  20000000    00000004     rtsv7M4_T_le_v4SPD16_eabi.lib : boot_cortex_m.c.obj (.stack)
                  20000004    000001fc     --HOLE--

__llvm_prf_cnts 
*          0    20000000    00000000     UNINITIALIZED

MODULE SUMMARY

       Module                         code    ro data   rw data
       ------                         ----    -------   -------
    .\
       tm4c123gh6pm_startup_ccs.obj   12      620       0      
    +--+------------------------------+-------+---------+---------+
       Total:                         12      620       0      
                                                               
    .\APP\
       APP.obj                        776     0         0      
       main.obj                       180     0         8      
    +--+------------------------------+-------+---------+---------+
       Total:                         956     0         8      
                                                               
    .\HAL\GPS\
       GPS_program.obj                720     8         1      
    +--+------------------------------+-------+---------+---------+
       Total:                         720     8         1      
                                                               
    .\HAL\LCD\
       LCD_program.obj                900     0         0      
    +--+------------------------------+-------+---------+---------+
       Total:                         900     0         0      
                                                               
    .\HAL\LED\
       LED_program.obj                410     0         0      
    +--+------------------------------+-------+---------+---------+
       Total:                         410     0         0      
                                                               
    .\MCAL\DIO\
       DIO_program.obj                2872    0         0      
    +--+------------------------------+-------+---------+---------+
       Total:                         2872    0         0      
                                                               
    .\MCAL\STK\
       STK_program.obj                420     0         0      
    +--+------------------------------+-------+---------+---------+
       Total:                         420     0         0      
                                                               
    .\MCAL\UART\
       UART_program.obj               3148    0         0      
    +--+------------------------------+-------+---------+---------+
       Total:                         3148    0         0      
                                                               
    C:\ti\ccs1220\ccs\tools\compiler\ti-cgt-arm_20.2.7.LTS\lib\rtsv7M4_T_le_v4SPD16_eabi.lib
       k_rem_pio2.c.obj               1848    344       0      
       s_sin.c.obj                    1504    0         0      
       s_cos.c.obj                    1500    0         0      
       strtod.c.obj                   1120    200       0      
       s_atan.c.obj                   748     152       0      
       e_atan2.c.obj                  484     0         0      
       fd_add_t2.asm.obj              438     0         0      
       k_sin.c.obj                    372     0         0      
       k_cos.c.obj                    368     0         0      
       e_sqrt.c.obj                   344     0         0      
       fd_div_t2.asm.obj              310     0         0      
       s_scalbn.c.obj                 272     0         0      
       fd_cmp_t2.asm.obj              268     0         0      
       ctype.c.obj                    0       257       0      
       fd_mul_t2.asm.obj              252     0         0      
       s_floor.c.obj                  248     0         0      
       memcpy_t2.asm.obj              156     0         0      
       memset_t2.asm.obj              122     0         0      
       fd_tos_t2.asm.obj              110     0         0      
       copy_decompress_lzss.c.obj     104     0         0      
       fd_toi_t2.asm.obj              72      0         0      
       autoinit.c.obj                 68      0         0      
       fd_tou_t2.asm.obj              68      0         0      
       fs_tod_t2.asm.obj              56      0         0      
       boot_cortex_m.c.obj            52      0         0      
       i_tofd_t2.asm.obj              46      0         0      
       copy_zero_init.c.obj           28      0         0      
       s_copysign.c.obj               26      0         0      
       atof.c.obj                     18      0         0      
       copy_decompress_none.c.obj     14      0         0      
       errno.c.obj                    8       0         4      
       exit.c.obj                     4       0         0      
       pre_init.c.obj                 4       0         0      
    +--+------------------------------+-------+---------+---------+
       Total:                         11032   953       4      
                                                               
       Stack:                         0       0         512    
       Linker Generated:              0       43        0      
    +--+------------------------------+-------+---------+---------+
       Grand Total:                   20470   1624      525    


LINKER GENERATED COPY TABLES

__TI_cinit_table @ 00005650 records: 2, size/record: 8, table size: 16
	.bss: load addr=00005640, load size=00000008 bytes, run addr=20000200, run size=00000008 bytes, compression=zero_init
	.data: load addr=00005648, load size=00000007 bytes, run addr=20000208, run size=00000005 bytes, compression=lzss


LINKER GENERATED HANDLER TABLE

__TI_handler_table @ 00005630 records: 3, size/record: 4, table size: 12
	index: 0, handler: __TI_decompress_lzss
	index: 1, handler: __TI_decompress_none
	index: 2, handler: __TI_zero_init


GLOBAL SYMBOLS: SORTED ALPHABETICALLY BY Name 

address   name                          
-------   ----                          
000036ef  APP_u8LightLED                
000034c9  APP_voidGetDistance           
00005265  C$$EXIT                       
00001439  DIO_u8GetPinValue             
00001835  DIO_u8GetPortValue            
00000ff7  DIO_u8SetPinDirection         
0000125d  DIO_u8SetPinValue             
00001649  DIO_u8SetPortDirection        
00001793  DIO_u8SetPortValue            
000018d5  DIO_u8TogglePinValue          
00000eb9  DIO_voidInit                  
20000200  GPS_f32Latitude               
20000204  GPS_f32Longitude              
00003bdb  GPS_voidExtractCoordinates    
00003abd  GPS_voidReceiveSentence       
00003365  LCD_voidClear                 
00003457  LCD_voidGoToXYPos             
00003145  LCD_voidInit                  
0000328b  LCD_voidSendChar              
000031b1  LCD_voidSendCommand           
0000339f  LCD_voidSendNumber            
0000336f  LCD_voidSendString            
000043af  LED_voidLedBlinkOnce          
00004425  LED_voidLedBlinkTwice         
000042cd  LED_voidLedInit               
00004335  LED_voidLedOff                
00004445  LED_voidLedOffAll             
000042f5  LED_voidLedOn                 
00004375  LED_voidLedTog                
0000524d  ResetISR                      
00004129  STK_voidConfig                
00004229  STK_voidDelay                 
0000428d  STK_voidDelayTicks            
00004259  STK_voidDelayUs               
000041e3  STK_voidDisable               
00004211  STK_voidDisableInterrupt      
000041cd  STK_voidEnable                
000041fb  STK_voidEnableInterrupt       
0000418d  STK_voidGetCurrentValue       
00004169  STK_voidHandler               
0000416b  STK_voidReset                 
0000419f  STK_voidSetReloadValue        
0000026d  UART_voidInit                 
00000d1d  UART_voidReceiveByte          
00000e25  UART_voidReceiveString        
00000c29  UART_voidSendByte             
00000df5  UART_voidSendString           
20000200  __STACK_END                   
00000200  __STACK_SIZE                  
20000200  __STACK_TOP                   
00005650  __TI_CINIT_Base               
00005660  __TI_CINIT_Limit              
00005630  __TI_Handler_Table_Base       
0000563c  __TI_Handler_Table_Limit      
000050d5  __TI_auto_init_nobinit_nopinit
00005025  __TI_decompress_lzss          
0000523f  __TI_decompress_none          
ffffffff  __TI_pprof_out_hndl           
ffffffff  __TI_prof_data_size           
ffffffff  __TI_prof_data_start          
00000000  __TI_static_base__            
000051f7  __TI_zero_init_nomemset       
00004e31  __aeabi_cdcmpeq               
00004e31  __aeabi_cdcmple               
00004eb7  __aeabi_cdrcmple              
00004fb7  __aeabi_d2f                   
0000508d  __aeabi_d2iz                  
00005119  __aeabi_d2uiz                 
00003f7b  __aeabi_dadd                  
000048a5  __aeabi_ddiv                  
00004aed  __aeabi_dmul                  
00003f71  __aeabi_dsub                  
00005259  __aeabi_errno_addr            
0000515d  __aeabi_f2d                   
000051c9  __aeabi_i2d                   
00004f3d  __aeabi_memclr                
00004f3d  __aeabi_memclr4               
00004f3d  __aeabi_memclr8               
00004d95  __aeabi_memcpy                
00004d95  __aeabi_memcpy4               
00004d95  __aeabi_memcpy8               
00004f3f  __aeabi_memset                
00004f3f  __aeabi_memset4               
00004f3f  __aeabi_memset8               
ffffffff  __binit__                     
ffffffff  __c_args__                    
000045dd  __kernel_cos                  
000019f1  __kernel_rem_pio2             
00004469  __kernel_sin                  
UNDEFED   __mpu_init                    
20000000  __stack                       
20000000  __start___llvm_prf_cnts       
20000000  __stop___llvm_prf_cnts        
00005195  _c_int00_noargs               
000053c0  _ctypes_                      
UNDEFED   _system_post_cinit            
00005261  _system_pre_init              
00005265  abort                         
000037d1  atan                          
00003d8d  atan2                         
00003d8d  atan2l                        
000037d1  atanl                         
0000522d  atof                          
ffffffff  binit                         
00005213  copysign                      
00005213  copysignl                     
00002709  cos                           
00002709  cosl                          
20000208  errno                         
00004be9  floor                         
00004be9  floorl                        
00000000  g_pfnVectors                  
000049dd  ldexp                         
000049dd  ldexpl                        
00004ce1  main                          
00004d95  memcpy                        
00004f45  memset                        
000049dd  scalbn                        
000049dd  scalbnl                       
00002129  sin                           
00002129  sinl                          
0000474d  sqrt                          
0000474d  sqrtl                         
00002ce5  strtod                        
00002ce5  strtold                       


GLOBAL SYMBOLS: SORTED BY Symbol Address 

address   name                          
-------   ----                          
00000000  __TI_static_base__            
00000000  g_pfnVectors                  
00000200  __STACK_SIZE                  
0000026d  UART_voidInit                 
00000c29  UART_voidSendByte             
00000d1d  UART_voidReceiveByte          
00000df5  UART_voidSendString           
00000e25  UART_voidReceiveString        
00000eb9  DIO_voidInit                  
00000ff7  DIO_u8SetPinDirection         
0000125d  DIO_u8SetPinValue             
00001439  DIO_u8GetPinValue             
00001649  DIO_u8SetPortDirection        
00001793  DIO_u8SetPortValue            
00001835  DIO_u8GetPortValue            
000018d5  DIO_u8TogglePinValue          
000019f1  __kernel_rem_pio2             
00002129  sin                           
00002129  sinl                          
00002709  cos                           
00002709  cosl                          
00002ce5  strtod                        
00002ce5  strtold                       
00003145  LCD_voidInit                  
000031b1  LCD_voidSendCommand           
0000328b  LCD_voidSendChar              
00003365  LCD_voidClear                 
0000336f  LCD_voidSendString            
0000339f  LCD_voidSendNumber            
00003457  LCD_voidGoToXYPos             
000034c9  APP_voidGetDistance           
000036ef  APP_u8LightLED                
000037d1  atan                          
000037d1  atanl                         
00003abd  GPS_voidReceiveSentence       
00003bdb  GPS_voidExtractCoordinates    
00003d8d  atan2                         
00003d8d  atan2l                        
00003f71  __aeabi_dsub                  
00003f7b  __aeabi_dadd                  
00004129  STK_voidConfig                
00004169  STK_voidHandler               
0000416b  STK_voidReset                 
0000418d  STK_voidGetCurrentValue       
0000419f  STK_voidSetReloadValue        
000041cd  STK_voidEnable                
000041e3  STK_voidDisable               
000041fb  STK_voidEnableInterrupt       
00004211  STK_voidDisableInterrupt      
00004229  STK_voidDelay                 
00004259  STK_voidDelayUs               
0000428d  STK_voidDelayTicks            
000042cd  LED_voidLedInit               
000042f5  LED_voidLedOn                 
00004335  LED_voidLedOff                
00004375  LED_voidLedTog                
000043af  LED_voidLedBlinkOnce          
00004425  LED_voidLedBlinkTwice         
00004445  LED_voidLedOffAll             
00004469  __kernel_sin                  
000045dd  __kernel_cos                  
0000474d  sqrt                          
0000474d  sqrtl                         
000048a5  __aeabi_ddiv                  
000049dd  ldexp                         
000049dd  ldexpl                        
000049dd  scalbn                        
000049dd  scalbnl                       
00004aed  __aeabi_dmul                  
00004be9  floor                         
00004be9  floorl                        
00004ce1  main                          
00004d95  __aeabi_memcpy                
00004d95  __aeabi_memcpy4               
00004d95  __aeabi_memcpy8               
00004d95  memcpy                        
00004e31  __aeabi_cdcmpeq               
00004e31  __aeabi_cdcmple               
00004eb7  __aeabi_cdrcmple              
00004f3d  __aeabi_memclr                
00004f3d  __aeabi_memclr4               
00004f3d  __aeabi_memclr8               
00004f3f  __aeabi_memset                
00004f3f  __aeabi_memset4               
00004f3f  __aeabi_memset8               
00004f45  memset                        
00004fb7  __aeabi_d2f                   
00005025  __TI_decompress_lzss          
0000508d  __aeabi_d2iz                  
000050d5  __TI_auto_init_nobinit_nopinit
00005119  __aeabi_d2uiz                 
0000515d  __aeabi_f2d                   
00005195  _c_int00_noargs               
000051c9  __aeabi_i2d                   
000051f7  __TI_zero_init_nomemset       
00005213  copysign                      
00005213  copysignl                     
0000522d  atof                          
0000523f  __TI_decompress_none          
0000524d  ResetISR                      
00005259  __aeabi_errno_addr            
00005261  _system_pre_init              
00005265  C$$EXIT                       
00005265  abort                         
000053c0  _ctypes_                      
00005630  __TI_Handler_Table_Base       
0000563c  __TI_Handler_Table_Limit      
00005650  __TI_CINIT_Base               
00005660  __TI_CINIT_Limit              
20000000  __stack                       
20000000  __start___llvm_prf_cnts       
20000000  __stop___llvm_prf_cnts        
20000200  GPS_f32Latitude               
20000200  __STACK_END                   
20000200  __STACK_TOP                   
20000204  GPS_f32Longitude              
20000208  errno                         
ffffffff  __TI_pprof_out_hndl           
ffffffff  __TI_prof_data_size           
ffffffff  __TI_prof_data_start          
ffffffff  __binit__                     
ffffffff  __c_args__                    
ffffffff  binit                         
UNDEFED   __mpu_init                    
UNDEFED   _system_post_cinit            

[125 symbols]
