******************************************************************************
                  TI ARM Linker PC v20.2.7                     
******************************************************************************
>> Linked Tue May  9 21:45:10 2023

OUTPUT FILE NAME:   <GPS_Distance_Tracking_System.out>
ENTRY POINT SYMBOL: "_c_int00_noinit_noargs"  address: 00001135


MEMORY CONFIGURATION

         name            origin    length      used     unused   attr    fill
----------------------  --------  ---------  --------  --------  ----  --------
  FLASH                 00000000   00040000  00001174  0003ee8c  R  X
  SRAM                  20000000   00008000  00000200  00007e00  RW X


SEGMENT ALLOCATION MAP

run origin  load origin   length   init length attrs members
----------  ----------- ---------- ----------- ----- -------
00000000    00000000    00001174   00001174    r-x
  00000000    00000000    0000026c   0000026c    r-- .intvecs
  0000026c    0000026c    00000f08   00000f08    r-x .text
20000000    20000000    00000200   00000000    rw-
  20000000    20000000    00000200   00000000    rw- .stack


SECTION ALLOCATION MAP

 output                                  attributes/
section   page    origin      length       input sections
--------  ----  ----------  ----------   ----------------
.intvecs   0    00000000    0000026c     
                  00000000    0000026c     tm4c123gh6pm_startup_ccs.obj (.intvecs)

.text      0    0000026c    00000f08     
                  0000026c    00000c4c     UART_program.obj (.text)
                  00000eb8    000001b6     rtsv7M4_T_le_v4SPD16_eabi.lib : fd_add_t2.asm.obj (.text)
                  0000106e    00000002     --HOLE-- [fill = 0]
                  00001070    00000048     main.obj (.text)
                  000010b8    00000044     rtsv7M4_T_le_v4SPD16_eabi.lib : fd_tou_t2.asm.obj (.text)
                  000010fc    00000038                                   : fs_tod_t2.asm.obj (.text)
                  00001134    0000002c                                   : boot_cortex_m.c.obj (.text:_c_int00_noinit_noargs:_c_int00_noinit_noargs)
                  00001160    0000000c     tm4c123gh6pm_startup_ccs.obj (.text)
                  0000116c    00000004     rtsv7M4_T_le_v4SPD16_eabi.lib : pre_init.c.obj (.text:_system_pre_init)
                  00001170    00000004                                   : exit.c.obj (.text:abort:abort)

.cinit     0    00000000    00000000     UNINITIALIZED

.init_array 
*          0    00000000    00000000     UNINITIALIZED

.stack     0    20000000    00000200     UNINITIALIZED
                  20000000    00000004     rtsv7M4_T_le_v4SPD16_eabi.lib : boot_cortex_m.c.obj (.stack)
                  20000004    000001fc     --HOLE--

__llvm_prf_cnts 
*          0    20000000    00000000     UNINITIALIZED

MODULE SUMMARY

       Module                         code   ro data   rw data
       ------                         ----   -------   -------
    .\
       tm4c123gh6pm_startup_ccs.obj   12     620       0      
    +--+------------------------------+------+---------+---------+
       Total:                         12     620       0      
                                                              
    .\APP\
       main.obj                       72     0         0      
    +--+------------------------------+------+---------+---------+
       Total:                         72     0         0      
                                                              
    .\MCAL\UART\
       UART_program.obj               3148   0         0      
    +--+------------------------------+------+---------+---------+
       Total:                         3148   0         0      
                                                              
    C:\ti\ccs1220\ccs\tools\compiler\ti-cgt-arm_20.2.7.LTS\lib\rtsv7M4_T_le_v4SPD16_eabi.lib
       fd_add_t2.asm.obj              438    0         0      
       fd_tou_t2.asm.obj              68     0         0      
       fs_tod_t2.asm.obj              56     0         0      
       boot_cortex_m.c.obj            44     0         0      
       exit.c.obj                     4      0         0      
       pre_init.c.obj                 4      0         0      
    +--+------------------------------+------+---------+---------+
       Total:                         614    0         0      
                                                              
       Stack:                         0      0         512    
    +--+------------------------------+------+---------+---------+
       Grand Total:                   3846   620       512    


GLOBAL SYMBOLS: SORTED ALPHABETICALLY BY Name 

address   name                   
-------   ----                   
00001171  C$$EXIT                
00001161  ResetISR               
0000026d  UART_voidInit          
00000d1d  UART_voidReceiveByte   
00000e25  UART_voidReceiveString 
00000c29  UART_voidSendByte      
00000df5  UART_voidSendString    
20000200  __STACK_END            
00000200  __STACK_SIZE           
20000200  __STACK_TOP            
ffffffff  __TI_pprof_out_hndl    
ffffffff  __TI_prof_data_size    
ffffffff  __TI_prof_data_start   
00000000  __TI_static_base__     
000010b9  __aeabi_d2uiz          
00000ec3  __aeabi_dadd           
00000eb9  __aeabi_dsub           
000010fd  __aeabi_f2d            
ffffffff  __binit__              
ffffffff  __c_args__             
UNDEFED   __mpu_init             
20000000  __stack                
20000000  __start___llvm_prf_cnts
20000000  __stop___llvm_prf_cnts 
00001135  _c_int00_noinit_noargs 
0000116d  _system_pre_init       
00001171  abort                  
ffffffff  binit                  
00000000  g_pfnVectors           
00001071  main                   


GLOBAL SYMBOLS: SORTED BY Symbol Address 

address   name                   
-------   ----                   
00000000  __TI_static_base__     
00000000  g_pfnVectors           
00000200  __STACK_SIZE           
0000026d  UART_voidInit          
00000c29  UART_voidSendByte      
00000d1d  UART_voidReceiveByte   
00000df5  UART_voidSendString    
00000e25  UART_voidReceiveString 
00000eb9  __aeabi_dsub           
00000ec3  __aeabi_dadd           
00001071  main                   
000010b9  __aeabi_d2uiz          
000010fd  __aeabi_f2d            
00001135  _c_int00_noinit_noargs 
00001161  ResetISR               
0000116d  _system_pre_init       
00001171  C$$EXIT                
00001171  abort                  
20000000  __stack                
20000000  __start___llvm_prf_cnts
20000000  __stop___llvm_prf_cnts 
20000200  __STACK_END            
20000200  __STACK_TOP            
ffffffff  __TI_pprof_out_hndl    
ffffffff  __TI_prof_data_size    
ffffffff  __TI_prof_data_start   
ffffffff  __binit__              
ffffffff  __c_args__             
ffffffff  binit                  
UNDEFED   __mpu_init             

[30 symbols]
