******************************************************************************
                  TI ARM Linker PC v20.2.7                     
******************************************************************************
>> Linked Sun May 14 12:12:57 2023

OUTPUT FILE NAME:   <GPS_Distance_Tracking_System.out>
ENTRY POINT SYMBOL: "_c_int00_noargs"  address: 0000555d


MEMORY CONFIGURATION

         name            origin    length      used     unused   attr    fill
----------------------  --------  ---------  --------  --------  ----  --------
  FLASH                 00000000   00040000  00005a28  0003a5d8  R  X
  SRAM                  20000000   00008000  00000211  00007def  RW X


SEGMENT ALLOCATION MAP

run origin  load origin   length   init length attrs members
----------  ----------- ---------- ----------- ----- -------
00000000    00000000    00005a28   00005a28    r-x
  00000000    00000000    0000026c   0000026c    r-- .intvecs
  0000026c    0000026c    000053c4   000053c4    r-x .text
  00005630    00005630    000003c8   000003c8    r-- .const
  000059f8    000059f8    00000030   00000030    r-- .cinit
20000000    20000000    00000211   00000000    rw-
  20000000    20000000    00000200   00000000    rw- .stack
  20000200    20000200    0000000c   00000000    rw- .bss
  2000020c    2000020c    00000005   00000000    rw- .data


SECTION ALLOCATION MAP

 output                                  attributes/
section   page    origin      length       input sections
--------  ----  ----------  ----------   ----------------
.intvecs   0    00000000    0000026c     
                  00000000    0000026c     tm4c123gh6pm_startup_ccs.obj (.intvecs)

.text      0    0000026c    000053c4     
                  0000026c    00000c78     UART_program.obj (.text)
                  00000ee4    00000b38     DIO_program.obj (.text)
                  00001a1c    00000738     rtsv7M4_T_le_v4SPD16_eabi.lib : k_rem_pio2.c.obj (.text:__kernel_rem_pio2)
                  00002154    000005e0                                   : s_sin.c.obj (.text:sin)
                  00002734    000005dc                                   : s_cos.c.obj (.text:cos)
                  00002d10    00000460                                   : strtod.c.obj (.text:strtod)
                  00003170    00000384     LCD_program.obj (.text)
                  000034f4    0000037c     GPS_program.obj (.text)
                  00003870    00000374     APP.obj (.text)
                  00003be4    00000338     main.obj (.text)
                  00003f1c    000002ec     rtsv7M4_T_le_v4SPD16_eabi.lib : s_atan.c.obj (.text:atan)
                  00004208    000001e4                                   : e_atan2.c.obj (.text:atan2)
                  000043ec    000001b6                                   : fd_add_t2.asm.obj (.text)
                  000045a2    00000002     --HOLE-- [fill = 0]
                  000045a4    000001a4     STK_program.obj (.text)
                  00004748    0000019a     LED_program.obj (.text)
                  000048e2    00000002     --HOLE-- [fill = 0]
                  000048e4    00000174     rtsv7M4_T_le_v4SPD16_eabi.lib : k_sin.c.obj (.text:__kernel_sin)
                  00004a58    00000170                                   : k_cos.c.obj (.text:__kernel_cos)
                  00004bc8    00000158                                   : e_sqrt.c.obj (.text:sqrt)
                  00004d20    00000136                                   : fd_div_t2.asm.obj (.text)
                  00004e56    00000002     --HOLE-- [fill = 0]
                  00004e58    00000110                                   : s_scalbn.c.obj (.text:scalbn)
                  00004f68    000000fc                                   : fd_mul_t2.asm.obj (.text)
                  00005064    000000f8                                   : s_floor.c.obj (.text:floor)
                  0000515c    0000009c                                   : memcpy_t2.asm.obj (.text)
                  000051f8    00000086                                   : fd_cmp_t2.asm.obj (.text:__aeabi_cdcmple)
                  0000527e    00000086                                   : fd_cmp_t2.asm.obj (.text:__aeabi_cdrcmple)
                  00005304    0000007a                                   : memset_t2.asm.obj (.text)
                  0000537e    0000006e                                   : fd_tos_t2.asm.obj (.text)
                  000053ec    00000068                                   : copy_decompress_lzss.c.obj (.text:decompress:lzss:__TI_decompress_lzss)
                  00005454    00000048                                   : fd_toi_t2.asm.obj (.text)
                  0000549c    00000044                                   : autoinit.c.obj (.text:__TI_auto_init_nobinit_nopinit:__TI_auto_init_nobinit_nopinit)
                  000054e0    00000044                                   : fd_tou_t2.asm.obj (.text)
                  00005524    00000038                                   : fs_tod_t2.asm.obj (.text)
                  0000555c    00000034                                   : boot_cortex_m.c.obj (.text:_c_int00_noargs:_c_int00_noargs)
                  00005590    0000002e                                   : i_tofd_t2.asm.obj (.text)
                  000055be    0000001c                                   : copy_zero_init.c.obj (.text:decompress:ZI:__TI_zero_init_nomemset:__TI_zero_init_nomemset)
                  000055da    0000001a                                   : s_copysign.c.obj (.text:copysign)
                  000055f4    00000012                                   : atof.c.obj (.text:atof)
                  00005606    0000000e                                   : copy_decompress_none.c.obj (.text:decompress:none:__TI_decompress_none)
                  00005614    0000000c     tm4c123gh6pm_startup_ccs.obj (.text)
                  00005620    00000008     rtsv7M4_T_le_v4SPD16_eabi.lib : errno.c.obj (.text:__aeabi_errno_addr)
                  00005628    00000004                                   : pre_init.c.obj (.text:_system_pre_init)
                  0000562c    00000004                                   : exit.c.obj (.text:abort:abort)

.const     0    00005630    000003c8     
                  00005630    00000158     rtsv7M4_T_le_v4SPD16_eabi.lib : k_rem_pio2.c.obj (.const:$O1$$)
                  00005788    00000101                                   : ctype.c.obj (.const:.string:_ctypes_)
                  00005889    00000007     --HOLE-- [fill = 0]
                  00005890    000000c8                                   : strtod.c.obj (.const:$O1$$)
                  00005958    00000098                                   : s_atan.c.obj (.const:$O1$$)
                  000059f0    00000008     GPS_program.obj (.const:.string:$P$T0$2)

.cinit     0    000059f8    00000030     
                  000059f8    0000000c     (__TI_handler_table)
                  00005a04    00000004     --HOLE-- [fill = 0]
                  00005a08    00000008     (.cinit..bss.load) [load image, compression = zero_init]
                  00005a10    00000007     (.cinit..data.load) [load image, compression = lzss]
                  00005a17    00000001     --HOLE-- [fill = 0]
                  00005a18    00000010     (__TI_cinit_table)

.init_array 
*          0    00000000    00000000     UNINITIALIZED

.bss       0    20000200    0000000c     UNINITIALIZED
                  20000200    0000000c     (.common:GPS_u8SpeedArr)

.data      0    2000020c    00000005     UNINITIALIZED
                  2000020c    00000004     rtsv7M4_T_le_v4SPD16_eabi.lib : errno.c.obj (.data)
                  20000210    00000001     GPS_program.obj (.data)

.stack     0    20000000    00000200     UNINITIALIZED
                  20000000    00000004     rtsv7M4_T_le_v4SPD16_eabi.lib : boot_cortex_m.c.obj (.stack)
                  20000004    000001fc     --HOLE--

__llvm_prf_cnts 
*          0    20000000    00000000     UNINITIALIZED

MODULE SUMMARY

       Module                         code    ro data   rw data
       ------                         ----    -------   -------
    .\
       tm4c123gh6pm_startup_ccs.obj   12      620       0      
    +--+------------------------------+-------+---------+---------+
       Total:                         12      620       0      
                                                               
    .\APP\
       APP.obj                        884     0         0      
       main.obj                       824     0         12     
    +--+------------------------------+-------+---------+---------+
       Total:                         1708    0         12     
                                                               
    .\HAL\GPS\
       GPS_program.obj                892     8         1      
    +--+------------------------------+-------+---------+---------+
       Total:                         892     8         1      
                                                               
    .\HAL\LCD\
       LCD_program.obj                900     0         0      
    +--+------------------------------+-------+---------+---------+
       Total:                         900     0         0      
                                                               
    .\HAL\LED\
       LED_program.obj                410     0         0      
    +--+------------------------------+-------+---------+---------+
       Total:                         410     0         0      
                                                               
    .\MCAL\DIO\
       DIO_program.obj                2872    0         0      
    +--+------------------------------+-------+---------+---------+
       Total:                         2872    0         0      
                                                               
    .\MCAL\STK\
       STK_program.obj                420     0         0      
    +--+------------------------------+-------+---------+---------+
       Total:                         420     0         0      
                                                               
    .\MCAL\UART\
       UART_program.obj               3192    0         0      
    +--+------------------------------+-------+---------+---------+
       Total:                         3192    0         0      
                                                               
    C:\ti\ccs1220\ccs\tools\compiler\ti-cgt-arm_20.2.7.LTS\lib\rtsv7M4_T_le_v4SPD16_eabi.lib
       k_rem_pio2.c.obj               1848    344       0      
       s_sin.c.obj                    1504    0         0      
       s_cos.c.obj                    1500    0         0      
       strtod.c.obj                   1120    200       0      
       s_atan.c.obj                   748     152       0      
       e_atan2.c.obj                  484     0         0      
       fd_add_t2.asm.obj              438     0         0      
       k_sin.c.obj                    372     0         0      
       k_cos.c.obj                    368     0         0      
       e_sqrt.c.obj                   344     0         0      
       fd_div_t2.asm.obj              310     0         0      
       s_scalbn.c.obj                 272     0         0      
       fd_cmp_t2.asm.obj              268     0         0      
       ctype.c.obj                    0       257       0      
       fd_mul_t2.asm.obj              252     0         0      
       s_floor.c.obj                  248     0         0      
       memcpy_t2.asm.obj              156     0         0      
       memset_t2.asm.obj              122     0         0      
       fd_tos_t2.asm.obj              110     0         0      
       copy_decompress_lzss.c.obj     104     0         0      
       fd_toi_t2.asm.obj              72      0         0      
       autoinit.c.obj                 68      0         0      
       fd_tou_t2.asm.obj              68      0         0      
       fs_tod_t2.asm.obj              56      0         0      
       boot_cortex_m.c.obj            52      0         0      
       i_tofd_t2.asm.obj              46      0         0      
       copy_zero_init.c.obj           28      0         0      
       s_copysign.c.obj               26      0         0      
       atof.c.obj                     18      0         0      
       copy_decompress_none.c.obj     14      0         0      
       errno.c.obj                    8       0         4      
       exit.c.obj                     4       0         0      
       pre_init.c.obj                 4       0         0      
    +--+------------------------------+-------+---------+---------+
       Total:                         11032   953       4      
                                                               
       Stack:                         0       0         512    
       Linker Generated:              0       43        0      
    +--+------------------------------+-------+---------+---------+
       Grand Total:                   21438   1624      529    


LINKER GENERATED COPY TABLES

__TI_cinit_table @ 00005a18 records: 2, size/record: 8, table size: 16
	.bss: load addr=00005a08, load size=00000008 bytes, run addr=20000200, run size=0000000c bytes, compression=zero_init
	.data: load addr=00005a10, load size=00000007 bytes, run addr=2000020c, run size=00000005 bytes, compression=lzss


LINKER GENERATED HANDLER TABLE

__TI_handler_table @ 000059f8 records: 3, size/record: 4, table size: 12
	index: 0, handler: __TI_decompress_lzss
	index: 1, handler: __TI_decompress_none
	index: 2, handler: __TI_zero_init


GLOBAL SYMBOLS: SORTED ALPHABETICALLY BY Name 

address   name                          
-------   ----                          
00003ab1  APP_u8LightLED                
00003871  APP_voidGetDistance           
0000562d  C$$EXIT                       
00001465  DIO_u8GetPinValue             
00001861  DIO_u8GetPortValue            
00001023  DIO_u8SetPinDirection         
00001289  DIO_u8SetPinValue             
00001675  DIO_u8SetPortDirection        
000017bf  DIO_u8SetPortValue            
00001901  DIO_u8TogglePinValue          
00000ee5  DIO_voidInit                  
20000200  GPS_u8SpeedArr                
00003629  GPS_voidExtractCoordinates    
000034f5  GPS_voidReceiveSentence       
00003391  LCD_voidClear                 
00003483  LCD_voidGoToXYPos             
00003171  LCD_voidInit                  
000032b7  LCD_voidSendChar              
000031dd  LCD_voidSendCommand           
000033cb  LCD_voidSendNumber            
0000339b  LCD_voidSendString            
0000482b  LED_voidLedBlinkOnce          
000048a1  LED_voidLedBlinkTwice         
00004749  LED_voidLedInit               
000047b1  LED_voidLedOff                
000048c1  LED_voidLedOffAll             
00004771  LED_voidLedOn                 
000047f1  LED_voidLedTog                
00005615  ResetISR                      
000045a5  STK_voidConfig                
000046a5  STK_voidDelay                 
00004709  STK_voidDelayTicks            
000046d5  STK_voidDelayUs               
0000465f  STK_voidDisable               
0000468d  STK_voidDisableInterrupt      
00004649  STK_voidEnable                
00004677  STK_voidEnableInterrupt       
00004609  STK_voidGetCurrentValue       
000045e5  STK_voidHandler               
000045e7  STK_voidReset                 
0000461b  STK_voidSetReloadValue        
0000026d  UART_voidInit                 
00000d1d  UART_voidReceiveByte          
00000e3d  UART_voidReceiveString        
00000c29  UART_voidSendByte             
00000df5  UART_voidSendString           
20000200  __STACK_END                   
00000200  __STACK_SIZE                  
20000200  __STACK_TOP                   
00005a18  __TI_CINIT_Base               
00005a28  __TI_CINIT_Limit              
000059f8  __TI_Handler_Table_Base       
00005a04  __TI_Handler_Table_Limit      
0000549d  __TI_auto_init_nobinit_nopinit
000053ed  __TI_decompress_lzss          
00005607  __TI_decompress_none          
ffffffff  __TI_pprof_out_hndl           
ffffffff  __TI_prof_data_size           
ffffffff  __TI_prof_data_start          
00000000  __TI_static_base__            
000055bf  __TI_zero_init_nomemset       
000051f9  __aeabi_cdcmpeq               
000051f9  __aeabi_cdcmple               
0000527f  __aeabi_cdrcmple              
0000537f  __aeabi_d2f                   
00005455  __aeabi_d2iz                  
000054e1  __aeabi_d2uiz                 
000043f7  __aeabi_dadd                  
00004d21  __aeabi_ddiv                  
00004f69  __aeabi_dmul                  
000043ed  __aeabi_dsub                  
00005621  __aeabi_errno_addr            
00005525  __aeabi_f2d                   
00005591  __aeabi_i2d                   
00005305  __aeabi_memclr                
00005305  __aeabi_memclr4               
00005305  __aeabi_memclr8               
0000515d  __aeabi_memcpy                
0000515d  __aeabi_memcpy4               
0000515d  __aeabi_memcpy8               
00005307  __aeabi_memset                
00005307  __aeabi_memset4               
00005307  __aeabi_memset8               
ffffffff  __binit__                     
ffffffff  __c_args__                    
00004a59  __kernel_cos                  
00001a1d  __kernel_rem_pio2             
000048e5  __kernel_sin                  
UNDEFED   __mpu_init                    
20000000  __stack                       
20000000  __start___llvm_prf_cnts       
20000000  __stop___llvm_prf_cnts        
0000555d  _c_int00_noargs               
00005788  _ctypes_                      
UNDEFED   _system_post_cinit            
00005629  _system_pre_init              
0000562d  abort                         
00003f1d  atan                          
00004209  atan2                         
00004209  atan2l                        
00003f1d  atanl                         
000055f5  atof                          
ffffffff  binit                         
000055db  copysign                      
000055db  copysignl                     
00002735  cos                           
00002735  cosl                          
2000020c  errno                         
00005065  floor                         
00005065  floorl                        
00000000  g_pfnVectors                  
00004e59  ldexp                         
00004e59  ldexpl                        
00003be5  main                          
0000515d  memcpy                        
0000530d  memset                        
00004e59  scalbn                        
00004e59  scalbnl                       
00002155  sin                           
00002155  sinl                          
00004bc9  sqrt                          
00004bc9  sqrtl                         
00002d11  strtod                        
00002d11  strtold                       
00003b65  truncate                      


GLOBAL SYMBOLS: SORTED BY Symbol Address 

address   name                          
-------   ----                          
00000000  __TI_static_base__            
00000000  g_pfnVectors                  
00000200  __STACK_SIZE                  
0000026d  UART_voidInit                 
00000c29  UART_voidSendByte             
00000d1d  UART_voidReceiveByte          
00000df5  UART_voidSendString           
00000e3d  UART_voidReceiveString        
00000ee5  DIO_voidInit                  
00001023  DIO_u8SetPinDirection         
00001289  DIO_u8SetPinValue             
00001465  DIO_u8GetPinValue             
00001675  DIO_u8SetPortDirection        
000017bf  DIO_u8SetPortValue            
00001861  DIO_u8GetPortValue            
00001901  DIO_u8TogglePinValue          
00001a1d  __kernel_rem_pio2             
00002155  sin                           
00002155  sinl                          
00002735  cos                           
00002735  cosl                          
00002d11  strtod                        
00002d11  strtold                       
00003171  LCD_voidInit                  
000031dd  LCD_voidSendCommand           
000032b7  LCD_voidSendChar              
00003391  LCD_voidClear                 
0000339b  LCD_voidSendString            
000033cb  LCD_voidSendNumber            
00003483  LCD_voidGoToXYPos             
000034f5  GPS_voidReceiveSentence       
00003629  GPS_voidExtractCoordinates    
00003871  APP_voidGetDistance           
00003ab1  APP_u8LightLED                
00003b65  truncate                      
00003be5  main                          
00003f1d  atan                          
00003f1d  atanl                         
00004209  atan2                         
00004209  atan2l                        
000043ed  __aeabi_dsub                  
000043f7  __aeabi_dadd                  
000045a5  STK_voidConfig                
000045e5  STK_voidHandler               
000045e7  STK_voidReset                 
00004609  STK_voidGetCurrentValue       
0000461b  STK_voidSetReloadValue        
00004649  STK_voidEnable                
0000465f  STK_voidDisable               
00004677  STK_voidEnableInterrupt       
0000468d  STK_voidDisableInterrupt      
000046a5  STK_voidDelay                 
000046d5  STK_voidDelayUs               
00004709  STK_voidDelayTicks            
00004749  LED_voidLedInit               
00004771  LED_voidLedOn                 
000047b1  LED_voidLedOff                
000047f1  LED_voidLedTog                
0000482b  LED_voidLedBlinkOnce          
000048a1  LED_voidLedBlinkTwice         
000048c1  LED_voidLedOffAll             
000048e5  __kernel_sin                  
00004a59  __kernel_cos                  
00004bc9  sqrt                          
00004bc9  sqrtl                         
00004d21  __aeabi_ddiv                  
00004e59  ldexp                         
00004e59  ldexpl                        
00004e59  scalbn                        
00004e59  scalbnl                       
00004f69  __aeabi_dmul                  
00005065  floor                         
00005065  floorl                        
0000515d  __aeabi_memcpy                
0000515d  __aeabi_memcpy4               
0000515d  __aeabi_memcpy8               
0000515d  memcpy                        
000051f9  __aeabi_cdcmpeq               
000051f9  __aeabi_cdcmple               
0000527f  __aeabi_cdrcmple              
00005305  __aeabi_memclr                
00005305  __aeabi_memclr4               
00005305  __aeabi_memclr8               
00005307  __aeabi_memset                
00005307  __aeabi_memset4               
00005307  __aeabi_memset8               
0000530d  memset                        
0000537f  __aeabi_d2f                   
000053ed  __TI_decompress_lzss          
00005455  __aeabi_d2iz                  
0000549d  __TI_auto_init_nobinit_nopinit
000054e1  __aeabi_d2uiz                 
00005525  __aeabi_f2d                   
0000555d  _c_int00_noargs               
00005591  __aeabi_i2d                   
000055bf  __TI_zero_init_nomemset       
000055db  copysign                      
000055db  copysignl                     
000055f5  atof                          
00005607  __TI_decompress_none          
00005615  ResetISR                      
00005621  __aeabi_errno_addr            
00005629  _system_pre_init              
0000562d  C$$EXIT                       
0000562d  abort                         
00005788  _ctypes_                      
000059f8  __TI_Handler_Table_Base       
00005a04  __TI_Handler_Table_Limit      
00005a18  __TI_CINIT_Base               
00005a28  __TI_CINIT_Limit              
20000000  __stack                       
20000000  __start___llvm_prf_cnts       
20000000  __stop___llvm_prf_cnts        
20000200  GPS_u8SpeedArr                
20000200  __STACK_END                   
20000200  __STACK_TOP                   
2000020c  errno                         
ffffffff  __TI_pprof_out_hndl           
ffffffff  __TI_prof_data_size           
ffffffff  __TI_prof_data_start          
ffffffff  __binit__                     
ffffffff  __c_args__                    
ffffffff  binit                         
UNDEFED   __mpu_init                    
UNDEFED   _system_post_cinit            

[125 symbols]
