******************************************************************************
                  TI ARM Linker PC v20.2.7                     
******************************************************************************
>> Linked Sat May 13 22:47:35 2023

OUTPUT FILE NAME:   <GPS_Distance_Tracking_System.out>
ENTRY POINT SYMBOL: "_c_int00_noargs"  address: 000054cd


MEMORY CONFIGURATION

         name            origin    length      used     unused   attr    fill
----------------------  --------  ---------  --------  --------  ----  --------
  FLASH                 00000000   00040000  00005964  0003a69c  R  X
  SRAM                  20000000   00008000  00000205  00007dfb  RW X


SEGMENT ALLOCATION MAP

run origin  load origin   length   init length attrs members
----------  ----------- ---------- ----------- ----- -------
00000000    00000000    00005968   00005968    r-x
  00000000    00000000    0000026c   0000026c    r-- .intvecs
  0000026c    0000026c    00005318   00005318    r-x .text
  00005588    00005588    000003c8   000003c8    r-- .const
  00005950    00005950    00000018   00000018    r-- .cinit
20000000    20000000    00000205   00000000    rw-
  20000000    20000000    00000200   00000000    rw- .stack
  20000200    20000200    00000005   00000000    rw- .data


SECTION ALLOCATION MAP

 output                                  attributes/
section   page    origin      length       input sections
--------  ----  ----------  ----------   ----------------
.intvecs   0    00000000    0000026c     
                  00000000    0000026c     tm4c123gh6pm_startup_ccs.obj (.intvecs)

.text      0    0000026c    00005318     
                  0000026c    00000c78     UART_program.obj (.text)
                  00000ee4    00000b38     DIO_program.obj (.text)
                  00001a1c    00000738     rtsv7M4_T_le_v4SPD16_eabi.lib : k_rem_pio2.c.obj (.text:__kernel_rem_pio2)
                  00002154    000005e0                                   : s_sin.c.obj (.text:sin)
                  00002734    000005dc                                   : s_cos.c.obj (.text:cos)
                  00002d10    00000460                                   : strtod.c.obj (.text:strtod)
                  00003170    00000384     LCD_program.obj (.text)
                  000034f4    00000374     APP.obj (.text)
                  00003868    00000354     GPS_program.obj (.text)
                  00003bbc    000002ec     rtsv7M4_T_le_v4SPD16_eabi.lib : s_atan.c.obj (.text:atan)
                  00003ea8    000002d0     main.obj (.text)
                  00004178    000001e4     rtsv7M4_T_le_v4SPD16_eabi.lib : e_atan2.c.obj (.text:atan2)
                  0000435c    000001b6                                   : fd_add_t2.asm.obj (.text)
                  00004512    00000002     --HOLE-- [fill = 0]
                  00004514    000001a4     STK_program.obj (.text)
                  000046b8    0000019a     LED_program.obj (.text)
                  00004852    00000002     --HOLE-- [fill = 0]
                  00004854    00000174     rtsv7M4_T_le_v4SPD16_eabi.lib : k_sin.c.obj (.text:__kernel_sin)
                  000049c8    00000170                                   : k_cos.c.obj (.text:__kernel_cos)
                  00004b38    00000158                                   : e_sqrt.c.obj (.text:sqrt)
                  00004c90    00000136                                   : fd_div_t2.asm.obj (.text)
                  00004dc6    00000002     --HOLE-- [fill = 0]
                  00004dc8    00000110                                   : s_scalbn.c.obj (.text:scalbn)
                  00004ed8    000000fc                                   : fd_mul_t2.asm.obj (.text)
                  00004fd4    000000f8                                   : s_floor.c.obj (.text:floor)
                  000050cc    0000009c                                   : memcpy_t2.asm.obj (.text)
                  00005168    00000086                                   : fd_cmp_t2.asm.obj (.text:__aeabi_cdcmple)
                  000051ee    00000086                                   : fd_cmp_t2.asm.obj (.text:__aeabi_cdrcmple)
                  00005274    0000007a                                   : memset_t2.asm.obj (.text)
                  000052ee    0000006e                                   : fd_tos_t2.asm.obj (.text)
                  0000535c    00000068                                   : copy_decompress_lzss.c.obj (.text:decompress:lzss:__TI_decompress_lzss)
                  000053c4    00000048                                   : fd_toi_t2.asm.obj (.text)
                  0000540c    00000044                                   : autoinit.c.obj (.text:__TI_auto_init_nobinit_nopinit:__TI_auto_init_nobinit_nopinit)
                  00005450    00000044                                   : fd_tou_t2.asm.obj (.text)
                  00005494    00000038                                   : fs_tod_t2.asm.obj (.text)
                  000054cc    00000034                                   : boot_cortex_m.c.obj (.text:_c_int00_noargs:_c_int00_noargs)
                  00005500    0000002e                                   : i_tofd_t2.asm.obj (.text)
                  0000552e    0000001a                                   : s_copysign.c.obj (.text:copysign)
                  00005548    00000012                                   : atof.c.obj (.text:atof)
                  0000555a    0000000e                                   : copy_decompress_none.c.obj (.text:decompress:none:__TI_decompress_none)
                  00005568    0000000c     tm4c123gh6pm_startup_ccs.obj (.text)
                  00005574    00000008     rtsv7M4_T_le_v4SPD16_eabi.lib : errno.c.obj (.text:__aeabi_errno_addr)
                  0000557c    00000004                                   : pre_init.c.obj (.text:_system_pre_init)
                  00005580    00000004                                   : exit.c.obj (.text:abort:abort)

.const     0    00005588    000003c8     
                  00005588    00000158     rtsv7M4_T_le_v4SPD16_eabi.lib : k_rem_pio2.c.obj (.const:$O1$$)
                  000056e0    00000101                                   : ctype.c.obj (.const:.string:_ctypes_)
                  000057e1    00000007     --HOLE-- [fill = 0]
                  000057e8    000000c8                                   : strtod.c.obj (.const:$O1$$)
                  000058b0    00000098                                   : s_atan.c.obj (.const:$O1$$)
                  00005948    00000008     GPS_program.obj (.const:.string:$P$T0$2)

.cinit     0    00005950    00000018     
                  00005950    00000008     (__TI_handler_table)
                  00005958    00000007     (.cinit..data.load) [load image, compression = lzss]
                  0000595f    00000001     --HOLE-- [fill = 0]
                  00005960    00000008     (__TI_cinit_table)

.init_array 
*          0    00000000    00000000     UNINITIALIZED

.data      0    20000200    00000005     UNINITIALIZED
                  20000200    00000004     rtsv7M4_T_le_v4SPD16_eabi.lib : errno.c.obj (.data)
                  20000204    00000001     GPS_program.obj (.data)

.stack     0    20000000    00000200     UNINITIALIZED
                  20000000    00000004     rtsv7M4_T_le_v4SPD16_eabi.lib : boot_cortex_m.c.obj (.stack)
                  20000004    000001fc     --HOLE--

__llvm_prf_cnts 
*          0    20000000    00000000     UNINITIALIZED

MODULE SUMMARY

       Module                         code    ro data   rw data
       ------                         ----    -------   -------
    .\
       tm4c123gh6pm_startup_ccs.obj   12      620       0      
    +--+------------------------------+-------+---------+---------+
       Total:                         12      620       0      
                                                               
    .\APP\
       APP.obj                        884     0         0      
       main.obj                       720     0         0      
    +--+------------------------------+-------+---------+---------+
       Total:                         1604    0         0      
                                                               
    .\HAL\GPS\
       GPS_program.obj                852     8         1      
    +--+------------------------------+-------+---------+---------+
       Total:                         852     8         1      
                                                               
    .\HAL\LCD\
       LCD_program.obj                900     0         0      
    +--+------------------------------+-------+---------+---------+
       Total:                         900     0         0      
                                                               
    .\HAL\LED\
       LED_program.obj                410     0         0      
    +--+------------------------------+-------+---------+---------+
       Total:                         410     0         0      
                                                               
    .\MCAL\DIO\
       DIO_program.obj                2872    0         0      
    +--+------------------------------+-------+---------+---------+
       Total:                         2872    0         0      
                                                               
    .\MCAL\STK\
       STK_program.obj                420     0         0      
    +--+------------------------------+-------+---------+---------+
       Total:                         420     0         0      
                                                               
    .\MCAL\UART\
       UART_program.obj               3192    0         0      
    +--+------------------------------+-------+---------+---------+
       Total:                         3192    0         0      
                                                               
    C:\ti\ccs1220\ccs\tools\compiler\ti-cgt-arm_20.2.7.LTS\lib\rtsv7M4_T_le_v4SPD16_eabi.lib
       k_rem_pio2.c.obj               1848    344       0      
       s_sin.c.obj                    1504    0         0      
       s_cos.c.obj                    1500    0         0      
       strtod.c.obj                   1120    200       0      
       s_atan.c.obj                   748     152       0      
       e_atan2.c.obj                  484     0         0      
       fd_add_t2.asm.obj              438     0         0      
       k_sin.c.obj                    372     0         0      
       k_cos.c.obj                    368     0         0      
       e_sqrt.c.obj                   344     0         0      
       fd_div_t2.asm.obj              310     0         0      
       s_scalbn.c.obj                 272     0         0      
       fd_cmp_t2.asm.obj              268     0         0      
       ctype.c.obj                    0       257       0      
       fd_mul_t2.asm.obj              252     0         0      
       s_floor.c.obj                  248     0         0      
       memcpy_t2.asm.obj              156     0         0      
       memset_t2.asm.obj              122     0         0      
       fd_tos_t2.asm.obj              110     0         0      
       copy_decompress_lzss.c.obj     104     0         0      
       fd_toi_t2.asm.obj              72      0         0      
       autoinit.c.obj                 68      0         0      
       fd_tou_t2.asm.obj              68      0         0      
       fs_tod_t2.asm.obj              56      0         0      
       boot_cortex_m.c.obj            52      0         0      
       i_tofd_t2.asm.obj              46      0         0      
       s_copysign.c.obj               26      0         0      
       atof.c.obj                     18      0         0      
       copy_decompress_none.c.obj     14      0         0      
       errno.c.obj                    8       0         4      
       exit.c.obj                     4       0         0      
       pre_init.c.obj                 4       0         0      
    +--+------------------------------+-------+---------+---------+
       Total:                         11004   953       4      
                                                               
       Stack:                         0       0         512    
       Linker Generated:              0       23        0      
    +--+------------------------------+-------+---------+---------+
       Grand Total:                   21266   1604      517    


LINKER GENERATED COPY TABLES

__TI_cinit_table @ 00005960 records: 1, size/record: 8, table size: 8
	.data: load addr=00005958, load size=00000007 bytes, run addr=20000200, run size=00000005 bytes, compression=lzss


LINKER GENERATED HANDLER TABLE

__TI_handler_table @ 00005950 records: 2, size/record: 4, table size: 8
	index: 0, handler: __TI_decompress_lzss
	index: 1, handler: __TI_decompress_none


GLOBAL SYMBOLS: SORTED ALPHABETICALLY BY Name 

address   name                          
-------   ----                          
00003735  APP_u8LightLED                
000034f5  APP_voidGetDistance           
00005581  C$$EXIT                       
00001465  DIO_u8GetPinValue             
00001861  DIO_u8GetPortValue            
00001023  DIO_u8SetPinDirection         
00001289  DIO_u8SetPinValue             
00001675  DIO_u8SetPortDirection        
000017bf  DIO_u8SetPortValue            
00001901  DIO_u8TogglePinValue          
00000ee5  DIO_voidInit                  
00003993  GPS_voidExtractCoordinates    
00003869  GPS_voidReceiveSentence       
00003391  LCD_voidClear                 
00003483  LCD_voidGoToXYPos             
00003171  LCD_voidInit                  
000032b7  LCD_voidSendChar              
000031dd  LCD_voidSendCommand           
000033cb  LCD_voidSendNumber            
0000339b  LCD_voidSendString            
0000479b  LED_voidLedBlinkOnce          
00004811  LED_voidLedBlinkTwice         
000046b9  LED_voidLedInit               
00004721  LED_voidLedOff                
00004831  LED_voidLedOffAll             
000046e1  LED_voidLedOn                 
00004761  LED_voidLedTog                
00005569  ResetISR                      
00004515  STK_voidConfig                
00004615  STK_voidDelay                 
00004679  STK_voidDelayTicks            
00004645  STK_voidDelayUs               
000045cf  STK_voidDisable               
000045fd  STK_voidDisableInterrupt      
000045b9  STK_voidEnable                
000045e7  STK_voidEnableInterrupt       
00004579  STK_voidGetCurrentValue       
00004555  STK_voidHandler               
00004557  STK_voidReset                 
0000458b  STK_voidSetReloadValue        
0000026d  UART_voidInit                 
00000d1d  UART_voidReceiveByte          
00000e3d  UART_voidReceiveString        
00000c29  UART_voidSendByte             
00000df5  UART_voidSendString           
20000200  __STACK_END                   
00000200  __STACK_SIZE                  
20000200  __STACK_TOP                   
00005960  __TI_CINIT_Base               
00005968  __TI_CINIT_Limit              
00005950  __TI_Handler_Table_Base       
00005958  __TI_Handler_Table_Limit      
0000540d  __TI_auto_init_nobinit_nopinit
0000535d  __TI_decompress_lzss          
0000555b  __TI_decompress_none          
ffffffff  __TI_pprof_out_hndl           
ffffffff  __TI_prof_data_size           
ffffffff  __TI_prof_data_start          
00000000  __TI_static_base__            
00005169  __aeabi_cdcmpeq               
00005169  __aeabi_cdcmple               
000051ef  __aeabi_cdrcmple              
000052ef  __aeabi_d2f                   
000053c5  __aeabi_d2iz                  
00005451  __aeabi_d2uiz                 
00004367  __aeabi_dadd                  
00004c91  __aeabi_ddiv                  
00004ed9  __aeabi_dmul                  
0000435d  __aeabi_dsub                  
00005575  __aeabi_errno_addr            
00005495  __aeabi_f2d                   
00005501  __aeabi_i2d                   
00005275  __aeabi_memclr                
00005275  __aeabi_memclr4               
00005275  __aeabi_memclr8               
000050cd  __aeabi_memcpy                
000050cd  __aeabi_memcpy4               
000050cd  __aeabi_memcpy8               
00005277  __aeabi_memset                
00005277  __aeabi_memset4               
00005277  __aeabi_memset8               
ffffffff  __binit__                     
ffffffff  __c_args__                    
000049c9  __kernel_cos                  
00001a1d  __kernel_rem_pio2             
00004855  __kernel_sin                  
UNDEFED   __mpu_init                    
20000000  __stack                       
20000000  __start___llvm_prf_cnts       
20000000  __stop___llvm_prf_cnts        
000054cd  _c_int00_noargs               
000056e0  _ctypes_                      
UNDEFED   _system_post_cinit            
0000557d  _system_pre_init              
00005581  abort                         
00003bbd  atan                          
00004179  atan2                         
00004179  atan2l                        
00003bbd  atanl                         
00005549  atof                          
ffffffff  binit                         
0000552f  copysign                      
0000552f  copysignl                     
00002735  cos                           
00002735  cosl                          
20000200  errno                         
00004fd5  floor                         
00004fd5  floorl                        
00000000  g_pfnVectors                  
00004dc9  ldexp                         
00004dc9  ldexpl                        
00003ea9  main                          
000050cd  memcpy                        
0000527d  memset                        
00004dc9  scalbn                        
00004dc9  scalbnl                       
00002155  sin                           
00002155  sinl                          
00004b39  sqrt                          
00004b39  sqrtl                         
00002d11  strtod                        
00002d11  strtold                       
000037e9  truncate                      


GLOBAL SYMBOLS: SORTED BY Symbol Address 

address   name                          
-------   ----                          
00000000  __TI_static_base__            
00000000  g_pfnVectors                  
00000200  __STACK_SIZE                  
0000026d  UART_voidInit                 
00000c29  UART_voidSendByte             
00000d1d  UART_voidReceiveByte          
00000df5  UART_voidSendString           
00000e3d  UART_voidReceiveString        
00000ee5  DIO_voidInit                  
00001023  DIO_u8SetPinDirection         
00001289  DIO_u8SetPinValue             
00001465  DIO_u8GetPinValue             
00001675  DIO_u8SetPortDirection        
000017bf  DIO_u8SetPortValue            
00001861  DIO_u8GetPortValue            
00001901  DIO_u8TogglePinValue          
00001a1d  __kernel_rem_pio2             
00002155  sin                           
00002155  sinl                          
00002735  cos                           
00002735  cosl                          
00002d11  strtod                        
00002d11  strtold                       
00003171  LCD_voidInit                  
000031dd  LCD_voidSendCommand           
000032b7  LCD_voidSendChar              
00003391  LCD_voidClear                 
0000339b  LCD_voidSendString            
000033cb  LCD_voidSendNumber            
00003483  LCD_voidGoToXYPos             
000034f5  APP_voidGetDistance           
00003735  APP_u8LightLED                
000037e9  truncate                      
00003869  GPS_voidReceiveSentence       
00003993  GPS_voidExtractCoordinates    
00003bbd  atan                          
00003bbd  atanl                         
00003ea9  main                          
00004179  atan2                         
00004179  atan2l                        
0000435d  __aeabi_dsub                  
00004367  __aeabi_dadd                  
00004515  STK_voidConfig                
00004555  STK_voidHandler               
00004557  STK_voidReset                 
00004579  STK_voidGetCurrentValue       
0000458b  STK_voidSetReloadValue        
000045b9  STK_voidEnable                
000045cf  STK_voidDisable               
000045e7  STK_voidEnableInterrupt       
000045fd  STK_voidDisableInterrupt      
00004615  STK_voidDelay                 
00004645  STK_voidDelayUs               
00004679  STK_voidDelayTicks            
000046b9  LED_voidLedInit               
000046e1  LED_voidLedOn                 
00004721  LED_voidLedOff                
00004761  LED_voidLedTog                
0000479b  LED_voidLedBlinkOnce          
00004811  LED_voidLedBlinkTwice         
00004831  LED_voidLedOffAll             
00004855  __kernel_sin                  
000049c9  __kernel_cos                  
00004b39  sqrt                          
00004b39  sqrtl                         
00004c91  __aeabi_ddiv                  
00004dc9  ldexp                         
00004dc9  ldexpl                        
00004dc9  scalbn                        
00004dc9  scalbnl                       
00004ed9  __aeabi_dmul                  
00004fd5  floor                         
00004fd5  floorl                        
000050cd  __aeabi_memcpy                
000050cd  __aeabi_memcpy4               
000050cd  __aeabi_memcpy8               
000050cd  memcpy                        
00005169  __aeabi_cdcmpeq               
00005169  __aeabi_cdcmple               
000051ef  __aeabi_cdrcmple              
00005275  __aeabi_memclr                
00005275  __aeabi_memclr4               
00005275  __aeabi_memclr8               
00005277  __aeabi_memset                
00005277  __aeabi_memset4               
00005277  __aeabi_memset8               
0000527d  memset                        
000052ef  __aeabi_d2f                   
0000535d  __TI_decompress_lzss          
000053c5  __aeabi_d2iz                  
0000540d  __TI_auto_init_nobinit_nopinit
00005451  __aeabi_d2uiz                 
00005495  __aeabi_f2d                   
000054cd  _c_int00_noargs               
00005501  __aeabi_i2d                   
0000552f  copysign                      
0000552f  copysignl                     
00005549  atof                          
0000555b  __TI_decompress_none          
00005569  ResetISR                      
00005575  __aeabi_errno_addr            
0000557d  _system_pre_init              
00005581  C$$EXIT                       
00005581  abort                         
000056e0  _ctypes_                      
00005950  __TI_Handler_Table_Base       
00005958  __TI_Handler_Table_Limit      
00005960  __TI_CINIT_Base               
00005968  __TI_CINIT_Limit              
20000000  __stack                       
20000000  __start___llvm_prf_cnts       
20000000  __stop___llvm_prf_cnts        
20000200  __STACK_END                   
20000200  __STACK_TOP                   
20000200  errno                         
ffffffff  __TI_pprof_out_hndl           
ffffffff  __TI_prof_data_size           
ffffffff  __TI_prof_data_start          
ffffffff  __binit__                     
ffffffff  __c_args__                    
ffffffff  binit                         
UNDEFED   __mpu_init                    
UNDEFED   _system_post_cinit            

[123 symbols]
