******************************************************************************
                  TI ARM Linker PC v20.2.7                     
******************************************************************************
>> Linked Sun May 14 17:02:51 2023

OUTPUT FILE NAME:   <GPS_Distance_Tracking_System.out>
ENTRY POINT SYMBOL: "_c_int00_noargs"  address: 00005511


MEMORY CONFIGURATION

         name            origin    length      used     unused   attr    fill
----------------------  --------  ---------  --------  --------  ----  --------
  FLASH                 00000000   00040000  000059dc  0003a624  R  X
  SRAM                  20000000   00008000  00000209  00007df7  RW X


SEGMENT ALLOCATION MAP

run origin  load origin   length   init length attrs members
----------  ----------- ---------- ----------- ----- -------
00000000    00000000    000059e0   000059e0    r-x
  00000000    00000000    0000026c   0000026c    r-- .intvecs
  0000026c    0000026c    00005378   00005378    r-x .text
  000055e8    000055e8    000003c8   000003c8    r-- .const
  000059b0    000059b0    00000030   00000030    r-- .cinit
20000000    20000000    00000209   00000000    rw-
  20000000    20000000    00000200   00000000    rw- .stack
  20000200    20000200    00000005   00000000    rw- .data
  20000205    20000205    00000004   00000000    rw- .bss


SECTION ALLOCATION MAP

 output                                  attributes/
section   page    origin      length       input sections
--------  ----  ----------  ----------   ----------------
.intvecs   0    00000000    0000026c     
                  00000000    0000026c     tm4c123gh6pm_startup_ccs.obj (.intvecs)

.text      0    0000026c    00005378     
                  0000026c    00000c78     UART_program.obj (.text)
                  00000ee4    00000b38     DIO_program.obj (.text)
                  00001a1c    00000738     rtsv7M4_T_le_v4SPD16_eabi.lib : k_rem_pio2.c.obj (.text:__kernel_rem_pio2)
                  00002154    000005e0                                   : s_sin.c.obj (.text:sin)
                  00002734    000005dc                                   : s_cos.c.obj (.text:cos)
                  00002d10    00000460                                   : strtod.c.obj (.text:strtod)
                  00003170    00000384     LCD_program.obj (.text)
                  000034f4    0000037c     GPS_program.obj (.text)
                  00003870    00000374     APP.obj (.text)
                  00003be4    000002ec     rtsv7M4_T_le_v4SPD16_eabi.lib : s_atan.c.obj (.text:atan)
                  00003ed0    000002ec     main.obj (.text)
                  000041bc    000001e4     rtsv7M4_T_le_v4SPD16_eabi.lib : e_atan2.c.obj (.text:atan2)
                  000043a0    000001b6                                   : fd_add_t2.asm.obj (.text)
                  00004556    00000002     --HOLE-- [fill = 0]
                  00004558    000001a4     STK_program.obj (.text)
                  000046fc    0000019a     LED_program.obj (.text)
                  00004896    00000002     --HOLE-- [fill = 0]
                  00004898    00000174     rtsv7M4_T_le_v4SPD16_eabi.lib : k_sin.c.obj (.text:__kernel_sin)
                  00004a0c    00000170                                   : k_cos.c.obj (.text:__kernel_cos)
                  00004b7c    00000158                                   : e_sqrt.c.obj (.text:sqrt)
                  00004cd4    00000136                                   : fd_div_t2.asm.obj (.text)
                  00004e0a    00000002     --HOLE-- [fill = 0]
                  00004e0c    00000110                                   : s_scalbn.c.obj (.text:scalbn)
                  00004f1c    000000fc                                   : fd_mul_t2.asm.obj (.text)
                  00005018    000000f8                                   : s_floor.c.obj (.text:floor)
                  00005110    0000009c                                   : memcpy_t2.asm.obj (.text)
                  000051ac    00000086                                   : fd_cmp_t2.asm.obj (.text:__aeabi_cdcmple)
                  00005232    00000086                                   : fd_cmp_t2.asm.obj (.text:__aeabi_cdrcmple)
                  000052b8    0000007a                                   : memset_t2.asm.obj (.text)
                  00005332    0000006e                                   : fd_tos_t2.asm.obj (.text)
                  000053a0    00000068                                   : copy_decompress_lzss.c.obj (.text:decompress:lzss:__TI_decompress_lzss)
                  00005408    00000048                                   : fd_toi_t2.asm.obj (.text)
                  00005450    00000044                                   : autoinit.c.obj (.text:__TI_auto_init_nobinit_nopinit:__TI_auto_init_nobinit_nopinit)
                  00005494    00000044                                   : fd_tou_t2.asm.obj (.text)
                  000054d8    00000038                                   : fs_tod_t2.asm.obj (.text)
                  00005510    00000034                                   : boot_cortex_m.c.obj (.text:_c_int00_noargs:_c_int00_noargs)
                  00005544    0000002e                                   : i_tofd_t2.asm.obj (.text)
                  00005572    0000001c                                   : copy_zero_init.c.obj (.text:decompress:ZI:__TI_zero_init_nomemset:__TI_zero_init_nomemset)
                  0000558e    0000001a                                   : s_copysign.c.obj (.text:copysign)
                  000055a8    00000012                                   : atof.c.obj (.text:atof)
                  000055ba    0000000e                                   : copy_decompress_none.c.obj (.text:decompress:none:__TI_decompress_none)
                  000055c8    0000000c     tm4c123gh6pm_startup_ccs.obj (.text)
                  000055d4    00000008     rtsv7M4_T_le_v4SPD16_eabi.lib : errno.c.obj (.text:__aeabi_errno_addr)
                  000055dc    00000004                                   : pre_init.c.obj (.text:_system_pre_init)
                  000055e0    00000004                                   : exit.c.obj (.text:abort:abort)

.const     0    000055e8    000003c8     
                  000055e8    00000158     rtsv7M4_T_le_v4SPD16_eabi.lib : k_rem_pio2.c.obj (.const:$O1$$)
                  00005740    00000101                                   : ctype.c.obj (.const:.string:_ctypes_)
                  00005841    00000007     --HOLE-- [fill = 0]
                  00005848    000000c8                                   : strtod.c.obj (.const:$O1$$)
                  00005910    00000098                                   : s_atan.c.obj (.const:$O1$$)
                  000059a8    00000008     GPS_program.obj (.const:.string:$P$T0$2)

.cinit     0    000059b0    00000030     
                  000059b0    0000000c     (__TI_handler_table)
                  000059bc    00000004     --HOLE-- [fill = 0]
                  000059c0    00000008     (.cinit..bss.load) [load image, compression = zero_init]
                  000059c8    00000007     (.cinit..data.load) [load image, compression = lzss]
                  000059cf    00000001     --HOLE-- [fill = 0]
                  000059d0    00000010     (__TI_cinit_table)

.init_array 
*          0    00000000    00000000     UNINITIALIZED

.data      0    20000200    00000005     UNINITIALIZED
                  20000200    00000004     rtsv7M4_T_le_v4SPD16_eabi.lib : errno.c.obj (.data)
                  20000204    00000001     GPS_program.obj (.data)

.bss       0    20000205    00000004     UNINITIALIZED
                  20000205    00000004     (.common:GPS_u8SpeedArr)

.stack     0    20000000    00000200     UNINITIALIZED
                  20000000    00000004     rtsv7M4_T_le_v4SPD16_eabi.lib : boot_cortex_m.c.obj (.stack)
                  20000004    000001fc     --HOLE--

__llvm_prf_cnts 
*          0    20000000    00000000     UNINITIALIZED

MODULE SUMMARY

       Module                         code    ro data   rw data
       ------                         ----    -------   -------
    .\
       tm4c123gh6pm_startup_ccs.obj   12      620       0      
    +--+------------------------------+-------+---------+---------+
       Total:                         12      620       0      
                                                               
    .\APP\
       APP.obj                        884     0         0      
       main.obj                       748     0         4      
    +--+------------------------------+-------+---------+---------+
       Total:                         1632    0         4      
                                                               
    .\HAL\GPS\
       GPS_program.obj                892     8         1      
    +--+------------------------------+-------+---------+---------+
       Total:                         892     8         1      
                                                               
    .\HAL\LCD\
       LCD_program.obj                900     0         0      
    +--+------------------------------+-------+---------+---------+
       Total:                         900     0         0      
                                                               
    .\HAL\LED\
       LED_program.obj                410     0         0      
    +--+------------------------------+-------+---------+---------+
       Total:                         410     0         0      
                                                               
    .\MCAL\DIO\
       DIO_program.obj                2872    0         0      
    +--+------------------------------+-------+---------+---------+
       Total:                         2872    0         0      
                                                               
    .\MCAL\STK\
       STK_program.obj                420     0         0      
    +--+------------------------------+-------+---------+---------+
       Total:                         420     0         0      
                                                               
    .\MCAL\UART\
       UART_program.obj               3192    0         0      
    +--+------------------------------+-------+---------+---------+
       Total:                         3192    0         0      
                                                               
    C:\ti\ccs1220\ccs\tools\compiler\ti-cgt-arm_20.2.7.LTS\lib\rtsv7M4_T_le_v4SPD16_eabi.lib
       k_rem_pio2.c.obj               1848    344       0      
       s_sin.c.obj                    1504    0         0      
       s_cos.c.obj                    1500    0         0      
       strtod.c.obj                   1120    200       0      
       s_atan.c.obj                   748     152       0      
       e_atan2.c.obj                  484     0         0      
       fd_add_t2.asm.obj              438     0         0      
       k_sin.c.obj                    372     0         0      
       k_cos.c.obj                    368     0         0      
       e_sqrt.c.obj                   344     0         0      
       fd_div_t2.asm.obj              310     0         0      
       s_scalbn.c.obj                 272     0         0      
       fd_cmp_t2.asm.obj              268     0         0      
       ctype.c.obj                    0       257       0      
       fd_mul_t2.asm.obj              252     0         0      
       s_floor.c.obj                  248     0         0      
       memcpy_t2.asm.obj              156     0         0      
       memset_t2.asm.obj              122     0         0      
       fd_tos_t2.asm.obj              110     0         0      
       copy_decompress_lzss.c.obj     104     0         0      
       fd_toi_t2.asm.obj              72      0         0      
       autoinit.c.obj                 68      0         0      
       fd_tou_t2.asm.obj              68      0         0      
       fs_tod_t2.asm.obj              56      0         0      
       boot_cortex_m.c.obj            52      0         0      
       i_tofd_t2.asm.obj              46      0         0      
       copy_zero_init.c.obj           28      0         0      
       s_copysign.c.obj               26      0         0      
       atof.c.obj                     18      0         0      
       copy_decompress_none.c.obj     14      0         0      
       errno.c.obj                    8       0         4      
       exit.c.obj                     4       0         0      
       pre_init.c.obj                 4       0         0      
    +--+------------------------------+-------+---------+---------+
       Total:                         11032   953       4      
                                                               
       Stack:                         0       0         512    
       Linker Generated:              0       43        0      
    +--+------------------------------+-------+---------+---------+
       Grand Total:                   21362   1624      521    


LINKER GENERATED COPY TABLES

__TI_cinit_table @ 000059d0 records: 2, size/record: 8, table size: 16
	.bss: load addr=000059c0, load size=00000008 bytes, run addr=20000205, run size=00000004 bytes, compression=zero_init
	.data: load addr=000059c8, load size=00000007 bytes, run addr=20000200, run size=00000005 bytes, compression=lzss


LINKER GENERATED HANDLER TABLE

__TI_handler_table @ 000059b0 records: 3, size/record: 4, table size: 12
	index: 0, handler: __TI_decompress_lzss
	index: 1, handler: __TI_decompress_none
	index: 2, handler: __TI_zero_init


GLOBAL SYMBOLS: SORTED ALPHABETICALLY BY Name 

address   name                          
-------   ----                          
00003ab1  APP_u8LightLED                
00003871  APP_voidGetDistance           
000055e1  C$$EXIT                       
00001465  DIO_u8GetPinValue             
00001861  DIO_u8GetPortValue            
00001023  DIO_u8SetPinDirection         
00001289  DIO_u8SetPinValue             
00001675  DIO_u8SetPortDirection        
000017bf  DIO_u8SetPortValue            
00001901  DIO_u8TogglePinValue          
00000ee5  DIO_voidInit                  
20000205  GPS_u8SpeedArr                
00003629  GPS_voidExtractCoordinates    
000034f5  GPS_voidReceiveSentence       
00003391  LCD_voidClear                 
00003483  LCD_voidGoToXYPos             
00003171  LCD_voidInit                  
000032b7  LCD_voidSendChar              
000031dd  LCD_voidSendCommand           
000033cb  LCD_voidSendNumber            
0000339b  LCD_voidSendString            
000047df  LED_voidLedBlinkOnce          
00004855  LED_voidLedBlinkTwice         
000046fd  LED_voidLedInit               
00004765  LED_voidLedOff                
00004875  LED_voidLedOffAll             
00004725  LED_voidLedOn                 
000047a5  LED_voidLedTog                
000055c9  ResetISR                      
00004559  STK_voidConfig                
00004659  STK_voidDelay                 
000046bd  STK_voidDelayTicks            
00004689  STK_voidDelayUs               
00004613  STK_voidDisable               
00004641  STK_voidDisableInterrupt      
000045fd  STK_voidEnable                
0000462b  STK_voidEnableInterrupt       
000045bd  STK_voidGetCurrentValue       
00004599  STK_voidHandler               
0000459b  STK_voidReset                 
000045cf  STK_voidSetReloadValue        
0000026d  UART_voidInit                 
00000d1d  UART_voidReceiveByte          
00000e3d  UART_voidReceiveString        
00000c29  UART_voidSendByte             
00000df5  UART_voidSendString           
20000200  __STACK_END                   
00000200  __STACK_SIZE                  
20000200  __STACK_TOP                   
000059d0  __TI_CINIT_Base               
000059e0  __TI_CINIT_Limit              
000059b0  __TI_Handler_Table_Base       
000059bc  __TI_Handler_Table_Limit      
00005451  __TI_auto_init_nobinit_nopinit
000053a1  __TI_decompress_lzss          
000055bb  __TI_decompress_none          
ffffffff  __TI_pprof_out_hndl           
ffffffff  __TI_prof_data_size           
ffffffff  __TI_prof_data_start          
00000000  __TI_static_base__            
00005573  __TI_zero_init_nomemset       
000051ad  __aeabi_cdcmpeq               
000051ad  __aeabi_cdcmple               
00005233  __aeabi_cdrcmple              
00005333  __aeabi_d2f                   
00005409  __aeabi_d2iz                  
00005495  __aeabi_d2uiz                 
000043ab  __aeabi_dadd                  
00004cd5  __aeabi_ddiv                  
00004f1d  __aeabi_dmul                  
000043a1  __aeabi_dsub                  
000055d5  __aeabi_errno_addr            
000054d9  __aeabi_f2d                   
00005545  __aeabi_i2d                   
000052b9  __aeabi_memclr                
000052b9  __aeabi_memclr4               
000052b9  __aeabi_memclr8               
00005111  __aeabi_memcpy                
00005111  __aeabi_memcpy4               
00005111  __aeabi_memcpy8               
000052bb  __aeabi_memset                
000052bb  __aeabi_memset4               
000052bb  __aeabi_memset8               
ffffffff  __binit__                     
ffffffff  __c_args__                    
00004a0d  __kernel_cos                  
00001a1d  __kernel_rem_pio2             
00004899  __kernel_sin                  
UNDEFED   __mpu_init                    
20000000  __stack                       
20000000  __start___llvm_prf_cnts       
20000000  __stop___llvm_prf_cnts        
00005511  _c_int00_noargs               
00005740  _ctypes_                      
UNDEFED   _system_post_cinit            
000055dd  _system_pre_init              
000055e1  abort                         
00003be5  atan                          
000041bd  atan2                         
000041bd  atan2l                        
00003be5  atanl                         
000055a9  atof                          
ffffffff  binit                         
0000558f  copysign                      
0000558f  copysignl                     
00002735  cos                           
00002735  cosl                          
20000200  errno                         
00005019  floor                         
00005019  floorl                        
00000000  g_pfnVectors                  
00004e0d  ldexp                         
00004e0d  ldexpl                        
00003ed1  main                          
00005111  memcpy                        
000052c1  memset                        
00004e0d  scalbn                        
00004e0d  scalbnl                       
00002155  sin                           
00002155  sinl                          
00004b7d  sqrt                          
00004b7d  sqrtl                         
00002d11  strtod                        
00002d11  strtold                       
00003b65  truncate                      


GLOBAL SYMBOLS: SORTED BY Symbol Address 

address   name                          
-------   ----                          
00000000  __TI_static_base__            
00000000  g_pfnVectors                  
00000200  __STACK_SIZE                  
0000026d  UART_voidInit                 
00000c29  UART_voidSendByte             
00000d1d  UART_voidReceiveByte          
00000df5  UART_voidSendString           
00000e3d  UART_voidReceiveString        
00000ee5  DIO_voidInit                  
00001023  DIO_u8SetPinDirection         
00001289  DIO_u8SetPinValue             
00001465  DIO_u8GetPinValue             
00001675  DIO_u8SetPortDirection        
000017bf  DIO_u8SetPortValue            
00001861  DIO_u8GetPortValue            
00001901  DIO_u8TogglePinValue          
00001a1d  __kernel_rem_pio2             
00002155  sin                           
00002155  sinl                          
00002735  cos                           
00002735  cosl                          
00002d11  strtod                        
00002d11  strtold                       
00003171  LCD_voidInit                  
000031dd  LCD_voidSendCommand           
000032b7  LCD_voidSendChar              
00003391  LCD_voidClear                 
0000339b  LCD_voidSendString            
000033cb  LCD_voidSendNumber            
00003483  LCD_voidGoToXYPos             
000034f5  GPS_voidReceiveSentence       
00003629  GPS_voidExtractCoordinates    
00003871  APP_voidGetDistance           
00003ab1  APP_u8LightLED                
00003b65  truncate                      
00003be5  atan                          
00003be5  atanl                         
00003ed1  main                          
000041bd  atan2                         
000041bd  atan2l                        
000043a1  __aeabi_dsub                  
000043ab  __aeabi_dadd                  
00004559  STK_voidConfig                
00004599  STK_voidHandler               
0000459b  STK_voidReset                 
000045bd  STK_voidGetCurrentValue       
000045cf  STK_voidSetReloadValue        
000045fd  STK_voidEnable                
00004613  STK_voidDisable               
0000462b  STK_voidEnableInterrupt       
00004641  STK_voidDisableInterrupt      
00004659  STK_voidDelay                 
00004689  STK_voidDelayUs               
000046bd  STK_voidDelayTicks            
000046fd  LED_voidLedInit               
00004725  LED_voidLedOn                 
00004765  LED_voidLedOff                
000047a5  LED_voidLedTog                
000047df  LED_voidLedBlinkOnce          
00004855  LED_voidLedBlinkTwice         
00004875  LED_voidLedOffAll             
00004899  __kernel_sin                  
00004a0d  __kernel_cos                  
00004b7d  sqrt                          
00004b7d  sqrtl                         
00004cd5  __aeabi_ddiv                  
00004e0d  ldexp                         
00004e0d  ldexpl                        
00004e0d  scalbn                        
00004e0d  scalbnl                       
00004f1d  __aeabi_dmul                  
00005019  floor                         
00005019  floorl                        
00005111  __aeabi_memcpy                
00005111  __aeabi_memcpy4               
00005111  __aeabi_memcpy8               
00005111  memcpy                        
000051ad  __aeabi_cdcmpeq               
000051ad  __aeabi_cdcmple               
00005233  __aeabi_cdrcmple              
000052b9  __aeabi_memclr                
000052b9  __aeabi_memclr4               
000052b9  __aeabi_memclr8               
000052bb  __aeabi_memset                
000052bb  __aeabi_memset4               
000052bb  __aeabi_memset8               
000052c1  memset                        
00005333  __aeabi_d2f                   
000053a1  __TI_decompress_lzss          
00005409  __aeabi_d2iz                  
00005451  __TI_auto_init_nobinit_nopinit
00005495  __aeabi_d2uiz                 
000054d9  __aeabi_f2d                   
00005511  _c_int00_noargs               
00005545  __aeabi_i2d                   
00005573  __TI_zero_init_nomemset       
0000558f  copysign                      
0000558f  copysignl                     
000055a9  atof                          
000055bb  __TI_decompress_none          
000055c9  ResetISR                      
000055d5  __aeabi_errno_addr            
000055dd  _system_pre_init              
000055e1  C$$EXIT                       
000055e1  abort                         
00005740  _ctypes_                      
000059b0  __TI_Handler_Table_Base       
000059bc  __TI_Handler_Table_Limit      
000059d0  __TI_CINIT_Base               
000059e0  __TI_CINIT_Limit              
20000000  __stack                       
20000000  __start___llvm_prf_cnts       
20000000  __stop___llvm_prf_cnts        
20000200  __STACK_END                   
20000200  __STACK_TOP                   
20000200  errno                         
20000205  GPS_u8SpeedArr                
ffffffff  __TI_pprof_out_hndl           
ffffffff  __TI_prof_data_size           
ffffffff  __TI_prof_data_start          
ffffffff  __binit__                     
ffffffff  __c_args__                    
ffffffff  binit                         
UNDEFED   __mpu_init                    
UNDEFED   _system_post_cinit            

[125 symbols]
