******************************************************************************
                  TI ARM Linker PC v20.2.7                     
******************************************************************************
>> Linked Fri May 12 12:32:01 2023

OUTPUT FILE NAME:   <GPS_Distance_Tracking_System.out>
ENTRY POINT SYMBOL: "_c_int00_noargs"  address: 00002f25


MEMORY CONFIGURATION

         name            origin    length      used     unused   attr    fill
----------------------  --------  ---------  --------  --------  ----  --------
  FLASH                 00000000   00040000  000031d4  0003ce2c  R  X
  SRAM                  20000000   00008000  0000020d  00007df3  RW X


SEGMENT ALLOCATION MAP

run origin  load origin   length   init length attrs members
----------  ----------- ---------- ----------- ----- -------
00000000    00000000    000031d8   000031d8    r-x
  00000000    00000000    0000026c   0000026c    r-- .intvecs
  0000026c    0000026c    00002d60   00002d60    r-x .text
  00002fd0    00002fd0    000001d8   000001d8    r-- .const
  000031a8    000031a8    00000030   00000030    r-- .cinit
20000000    20000000    0000020d   00000000    rw-
  20000000    20000000    00000200   00000000    rw- .stack
  20000200    20000200    00000008   00000000    rw- .bss
  20000208    20000208    00000005   00000000    rw- .data


SECTION ALLOCATION MAP

 output                                  attributes/
section   page    origin      length       input sections
--------  ----  ----------  ----------   ----------------
.intvecs   0    00000000    0000026c     
                  00000000    0000026c     tm4c123gh6pm_startup_ccs.obj (.intvecs)

.text      0    0000026c    00002d60     
                  0000026c    00000c4c     UART_program.obj (.text)
                  00000eb8    00000b38     DIO_program.obj (.text)
                  000019f0    00000460     rtsv7M4_T_le_v4SPD16_eabi.lib : strtod.c.obj (.text:strtod)
                  00001e50    00000384     LCD_program.obj (.text)
                  000021d4    000002c8     GPS_program.obj (.text)
                  0000249c    000001b6     rtsv7M4_T_le_v4SPD16_eabi.lib : fd_add_t2.asm.obj (.text)
                  00002652    00000002     --HOLE-- [fill = 0]
                  00002654    000001a4     STK_program.obj (.text)
                  000027f8    00000136     rtsv7M4_T_le_v4SPD16_eabi.lib : fd_div_t2.asm.obj (.text)
                  0000292e    00000002     --HOLE-- [fill = 0]
                  00002930    00000110                                   : s_scalbn.c.obj (.text:scalbn)
                  00002a40    000000fc                                   : fd_mul_t2.asm.obj (.text)
                  00002b3c    0000009c                                   : memcpy_t2.asm.obj (.text)
                  00002bd8    00000086                                   : fd_cmp_t2.asm.obj (.text:__aeabi_cdcmple)
                  00002c5e    0000007a                                   : memset_t2.asm.obj (.text)
                  00002cd8    0000006e                                   : fd_tos_t2.asm.obj (.text)
                  00002d46    00000002     --HOLE-- [fill = 0]
                  00002d48    0000006c     main.obj (.text)
                  00002db4    00000068     rtsv7M4_T_le_v4SPD16_eabi.lib : copy_decompress_lzss.c.obj (.text:decompress:lzss:__TI_decompress_lzss)
                  00002e1c    00000048                                   : fd_toi_t2.asm.obj (.text)
                  00002e64    00000044                                   : autoinit.c.obj (.text:__TI_auto_init_nobinit_nopinit:__TI_auto_init_nobinit_nopinit)
                  00002ea8    00000044                                   : fd_tou_t2.asm.obj (.text)
                  00002eec    00000038                                   : fs_tod_t2.asm.obj (.text)
                  00002f24    00000034                                   : boot_cortex_m.c.obj (.text:_c_int00_noargs:_c_int00_noargs)
                  00002f58    0000001c                                   : copy_zero_init.c.obj (.text:decompress:ZI:__TI_zero_init_nomemset:__TI_zero_init_nomemset)
                  00002f74    0000001a                                   : s_copysign.c.obj (.text:copysign)
                  00002f8e    00000012                                   : atof.c.obj (.text:atof)
                  00002fa0    0000000e                                   : copy_decompress_none.c.obj (.text:decompress:none:__TI_decompress_none)
                  00002fae    0000000c     tm4c123gh6pm_startup_ccs.obj (.text)
                  00002fba    00000002     --HOLE-- [fill = 0]
                  00002fbc    00000008     rtsv7M4_T_le_v4SPD16_eabi.lib : errno.c.obj (.text:__aeabi_errno_addr)
                  00002fc4    00000004                                   : pre_init.c.obj (.text:_system_pre_init)
                  00002fc8    00000004                                   : exit.c.obj (.text:abort:abort)

.const     0    00002fd0    000001d8     
                  00002fd0    00000101     rtsv7M4_T_le_v4SPD16_eabi.lib : ctype.c.obj (.const:.string:_ctypes_)
                  000030d1    00000007     --HOLE-- [fill = 0]
                  000030d8    000000c8                                   : strtod.c.obj (.const:$O1$$)
                  000031a0    00000008     GPS_program.obj (.const:.string:$P$T0$2)

.cinit     0    000031a8    00000030     
                  000031a8    0000000c     (__TI_handler_table)
                  000031b4    00000004     --HOLE-- [fill = 0]
                  000031b8    00000008     (.cinit..bss.load) [load image, compression = zero_init]
                  000031c0    00000007     (.cinit..data.load) [load image, compression = lzss]
                  000031c7    00000001     --HOLE-- [fill = 0]
                  000031c8    00000010     (__TI_cinit_table)

.init_array 
*          0    00000000    00000000     UNINITIALIZED

.bss       0    20000200    00000008     UNINITIALIZED
                  20000200    00000004     (.common:latitude)
                  20000204    00000004     (.common:longitude)

.data      0    20000208    00000005     UNINITIALIZED
                  20000208    00000004     rtsv7M4_T_le_v4SPD16_eabi.lib : errno.c.obj (.data)
                  2000020c    00000001     GPS_program.obj (.data)

.stack     0    20000000    00000200     UNINITIALIZED
                  20000000    00000004     rtsv7M4_T_le_v4SPD16_eabi.lib : boot_cortex_m.c.obj (.stack)
                  20000004    000001fc     --HOLE--

__llvm_prf_cnts 
*          0    20000000    00000000     UNINITIALIZED

MODULE SUMMARY

       Module                         code    ro data   rw data
       ------                         ----    -------   -------
    .\
       tm4c123gh6pm_startup_ccs.obj   12      620       0      
    +--+------------------------------+-------+---------+---------+
       Total:                         12      620       0      
                                                               
    .\APP\
       main.obj                       108     0         8      
    +--+------------------------------+-------+---------+---------+
       Total:                         108     0         8      
                                                               
    .\HAL\GPS\
       GPS_program.obj                712     8         1      
    +--+------------------------------+-------+---------+---------+
       Total:                         712     8         1      
                                                               
    .\HAL\LCD\
       LCD_program.obj                900     0         0      
    +--+------------------------------+-------+---------+---------+
       Total:                         900     0         0      
                                                               
    .\MCAL\DIO\
       DIO_program.obj                2872    0         0      
    +--+------------------------------+-------+---------+---------+
       Total:                         2872    0         0      
                                                               
    .\MCAL\STK\
       STK_program.obj                420     0         0      
    +--+------------------------------+-------+---------+---------+
       Total:                         420     0         0      
                                                               
    .\MCAL\UART\
       UART_program.obj               3148    0         0      
    +--+------------------------------+-------+---------+---------+
       Total:                         3148    0         0      
                                                               
    C:\ti\ccs1220\ccs\tools\compiler\ti-cgt-arm_20.2.7.LTS\lib\rtsv7M4_T_le_v4SPD16_eabi.lib
       strtod.c.obj                   1120    200       0      
       fd_add_t2.asm.obj              438     0         0      
       fd_div_t2.asm.obj              310     0         0      
       s_scalbn.c.obj                 272     0         0      
       ctype.c.obj                    0       257       0      
       fd_mul_t2.asm.obj              252     0         0      
       memcpy_t2.asm.obj              156     0         0      
       fd_cmp_t2.asm.obj              134     0         0      
       memset_t2.asm.obj              122     0         0      
       fd_tos_t2.asm.obj              110     0         0      
       copy_decompress_lzss.c.obj     104     0         0      
       fd_toi_t2.asm.obj              72      0         0      
       autoinit.c.obj                 68      0         0      
       fd_tou_t2.asm.obj              68      0         0      
       fs_tod_t2.asm.obj              56      0         0      
       boot_cortex_m.c.obj            52      0         0      
       copy_zero_init.c.obj           28      0         0      
       s_copysign.c.obj               26      0         0      
       atof.c.obj                     18      0         0      
       copy_decompress_none.c.obj     14      0         0      
       errno.c.obj                    8       0         4      
       exit.c.obj                     4       0         0      
       pre_init.c.obj                 4       0         0      
    +--+------------------------------+-------+---------+---------+
       Total:                         3436    457       4      
                                                               
       Stack:                         0       0         512    
       Linker Generated:              0       43        0      
    +--+------------------------------+-------+---------+---------+
       Grand Total:                   11608   1128      525    


LINKER GENERATED COPY TABLES

__TI_cinit_table @ 000031c8 records: 2, size/record: 8, table size: 16
	.bss: load addr=000031b8, load size=00000008 bytes, run addr=20000200, run size=00000008 bytes, compression=zero_init
	.data: load addr=000031c0, load size=00000007 bytes, run addr=20000208, run size=00000005 bytes, compression=lzss


LINKER GENERATED HANDLER TABLE

__TI_handler_table @ 000031a8 records: 3, size/record: 4, table size: 12
	index: 0, handler: __TI_decompress_lzss
	index: 1, handler: __TI_decompress_none
	index: 2, handler: __TI_zero_init


GLOBAL SYMBOLS: SORTED ALPHABETICALLY BY Name 

address   name                          
-------   ----                          
00002fc9  C$$EXIT                       
00001439  DIO_u8GetPinValue             
00001835  DIO_u8GetPortValue            
00000ff7  DIO_u8SetPinDirection         
0000125d  DIO_u8SetPinValue             
00001649  DIO_u8SetPortDirection        
00001793  DIO_u8SetPortValue            
000018d5  DIO_u8TogglePinValue          
00000eb9  DIO_voidInit                  
000022eb  GPS_voidExtractCoordinates    
000021d5  GPS_voidReceiveSentence       
00002071  LCD_voidClear                 
00002163  LCD_voidGoToXYPos             
00001e51  LCD_voidInit                  
00001f97  LCD_voidSendChar              
00001ebd  LCD_voidSendCommand           
000020ab  LCD_voidSendNumber            
0000207b  LCD_voidSendString            
00002faf  ResetISR                      
00002655  STK_voidConfig                
00002755  STK_voidDelay                 
000027b9  STK_voidDelayTicks            
00002785  STK_voidDelayUs               
0000270f  STK_voidDisable               
0000273d  STK_voidDisableInterrupt      
000026f9  STK_voidEnable                
00002727  STK_voidEnableInterrupt       
000026b9  STK_voidGetCurrentValue       
00002695  STK_voidHandler               
00002697  STK_voidReset                 
000026cb  STK_voidSetReloadValue        
0000026d  UART_voidInit                 
00000d1d  UART_voidReceiveByte          
00000e25  UART_voidReceiveString        
00000c29  UART_voidSendByte             
00000df5  UART_voidSendString           
20000200  __STACK_END                   
00000200  __STACK_SIZE                  
20000200  __STACK_TOP                   
000031c8  __TI_CINIT_Base               
000031d8  __TI_CINIT_Limit              
000031a8  __TI_Handler_Table_Base       
000031b4  __TI_Handler_Table_Limit      
00002e65  __TI_auto_init_nobinit_nopinit
00002db5  __TI_decompress_lzss          
00002fa1  __TI_decompress_none          
ffffffff  __TI_pprof_out_hndl           
ffffffff  __TI_prof_data_size           
ffffffff  __TI_prof_data_start          
00000000  __TI_static_base__            
00002f59  __TI_zero_init_nomemset       
00002bd9  __aeabi_cdcmpeq               
00002bd9  __aeabi_cdcmple               
00002cd9  __aeabi_d2f                   
00002e1d  __aeabi_d2iz                  
00002ea9  __aeabi_d2uiz                 
000024a7  __aeabi_dadd                  
000027f9  __aeabi_ddiv                  
00002a41  __aeabi_dmul                  
0000249d  __aeabi_dsub                  
00002fbd  __aeabi_errno_addr            
00002eed  __aeabi_f2d                   
00002c5f  __aeabi_memclr                
00002c5f  __aeabi_memclr4               
00002c5f  __aeabi_memclr8               
00002b3d  __aeabi_memcpy                
00002b3d  __aeabi_memcpy4               
00002b3d  __aeabi_memcpy8               
00002c61  __aeabi_memset                
00002c61  __aeabi_memset4               
00002c61  __aeabi_memset8               
ffffffff  __binit__                     
ffffffff  __c_args__                    
UNDEFED   __mpu_init                    
20000000  __stack                       
20000000  __start___llvm_prf_cnts       
20000000  __stop___llvm_prf_cnts        
00002f25  _c_int00_noargs               
00002fd0  _ctypes_                      
UNDEFED   _system_post_cinit            
00002fc5  _system_pre_init              
00002fc9  abort                         
00002f8f  atof                          
ffffffff  binit                         
00002f75  copysign                      
00002f75  copysignl                     
20000208  errno                         
00000000  g_pfnVectors                  
20000200  latitude                      
00002931  ldexp                         
00002931  ldexpl                        
20000204  longitude                     
00002d49  main                          
00002b3d  memcpy                        
00002c67  memset                        
00002931  scalbn                        
00002931  scalbnl                       
000019f1  strtod                        
000019f1  strtold                       


GLOBAL SYMBOLS: SORTED BY Symbol Address 

address   name                          
-------   ----                          
00000000  __TI_static_base__            
00000000  g_pfnVectors                  
00000200  __STACK_SIZE                  
0000026d  UART_voidInit                 
00000c29  UART_voidSendByte             
00000d1d  UART_voidReceiveByte          
00000df5  UART_voidSendString           
00000e25  UART_voidReceiveString        
00000eb9  DIO_voidInit                  
00000ff7  DIO_u8SetPinDirection         
0000125d  DIO_u8SetPinValue             
00001439  DIO_u8GetPinValue             
00001649  DIO_u8SetPortDirection        
00001793  DIO_u8SetPortValue            
00001835  DIO_u8GetPortValue            
000018d5  DIO_u8TogglePinValue          
000019f1  strtod                        
000019f1  strtold                       
00001e51  LCD_voidInit                  
00001ebd  LCD_voidSendCommand           
00001f97  LCD_voidSendChar              
00002071  LCD_voidClear                 
0000207b  LCD_voidSendString            
000020ab  LCD_voidSendNumber            
00002163  LCD_voidGoToXYPos             
000021d5  GPS_voidReceiveSentence       
000022eb  GPS_voidExtractCoordinates    
0000249d  __aeabi_dsub                  
000024a7  __aeabi_dadd                  
00002655  STK_voidConfig                
00002695  STK_voidHandler               
00002697  STK_voidReset                 
000026b9  STK_voidGetCurrentValue       
000026cb  STK_voidSetReloadValue        
000026f9  STK_voidEnable                
0000270f  STK_voidDisable               
00002727  STK_voidEnableInterrupt       
0000273d  STK_voidDisableInterrupt      
00002755  STK_voidDelay                 
00002785  STK_voidDelayUs               
000027b9  STK_voidDelayTicks            
000027f9  __aeabi_ddiv                  
00002931  ldexp                         
00002931  ldexpl                        
00002931  scalbn                        
00002931  scalbnl                       
00002a41  __aeabi_dmul                  
00002b3d  __aeabi_memcpy                
00002b3d  __aeabi_memcpy4               
00002b3d  __aeabi_memcpy8               
00002b3d  memcpy                        
00002bd9  __aeabi_cdcmpeq               
00002bd9  __aeabi_cdcmple               
00002c5f  __aeabi_memclr                
00002c5f  __aeabi_memclr4               
00002c5f  __aeabi_memclr8               
00002c61  __aeabi_memset                
00002c61  __aeabi_memset4               
00002c61  __aeabi_memset8               
00002c67  memset                        
00002cd9  __aeabi_d2f                   
00002d49  main                          
00002db5  __TI_decompress_lzss          
00002e1d  __aeabi_d2iz                  
00002e65  __TI_auto_init_nobinit_nopinit
00002ea9  __aeabi_d2uiz                 
00002eed  __aeabi_f2d                   
00002f25  _c_int00_noargs               
00002f59  __TI_zero_init_nomemset       
00002f75  copysign                      
00002f75  copysignl                     
00002f8f  atof                          
00002fa1  __TI_decompress_none          
00002faf  ResetISR                      
00002fbd  __aeabi_errno_addr            
00002fc5  _system_pre_init              
00002fc9  C$$EXIT                       
00002fc9  abort                         
00002fd0  _ctypes_                      
000031a8  __TI_Handler_Table_Base       
000031b4  __TI_Handler_Table_Limit      
000031c8  __TI_CINIT_Base               
000031d8  __TI_CINIT_Limit              
20000000  __stack                       
20000000  __start___llvm_prf_cnts       
20000000  __stop___llvm_prf_cnts        
20000200  __STACK_END                   
20000200  __STACK_TOP                   
20000200  latitude                      
20000204  longitude                     
20000208  errno                         
ffffffff  __TI_pprof_out_hndl           
ffffffff  __TI_prof_data_size           
ffffffff  __TI_prof_data_start          
ffffffff  __binit__                     
ffffffff  __c_args__                    
ffffffff  binit                         
UNDEFED   __mpu_init                    
UNDEFED   _system_post_cinit            

[99 symbols]
