******************************************************************************
                  TI ARM Linker PC v20.2.7                     
******************************************************************************
>> Linked Fri May  5 03:45:01 2023

OUTPUT FILE NAME:   <UART_Test.out>
ENTRY POINT SYMBOL: "_c_int00_noinit_noargs"  address: 00001e49


MEMORY CONFIGURATION

         name            origin    length      used     unused   attr    fill
----------------------  --------  ---------  --------  --------  ----  --------
  FLASH                 00000000   00040000  00001e88  0003e178  R  X
  SRAM                  20000000   00008000  00000200  00007e00  RW X


SEGMENT ALLOCATION MAP

run origin  load origin   length   init length attrs members
----------  ----------- ---------- ----------- ----- -------
00000000    00000000    00001e88   00001e88    r-x
  00000000    00000000    0000026c   0000026c    r-- .intvecs
  0000026c    0000026c    00001c1c   00001c1c    r-x .text
20000000    20000000    00000200   00000000    rw-
  20000000    20000000    00000200   00000000    rw- .stack


SECTION ALLOCATION MAP

 output                                  attributes/
section   page    origin      length       input sections
--------  ----  ----------  ----------   ----------------
.intvecs   0    00000000    0000026c     
                  00000000    0000026c     tm4c123gh6pm_startup_ccs.obj (.intvecs)

.text      0    0000026c    00001c1c     
                  0000026c    00000b38     DIO_program.obj (.text)
                  00000da4    00000ad8     UART_program.obj (.text)
                  0000187c    000001b6     rtsv7M4_T_le_v4SPD16_eabi.lib : fd_add_t2.asm.obj (.text)
                  00001a32    00000002     --HOLE-- [fill = 0]
                  00001a34    000001a4     STK_program.obj (.text)
                  00001bd8    00000196     LED_program.obj (.text)
                  00001d6e    0000005e     main.obj (.text)
                  00001dcc    00000044     rtsv7M4_T_le_v4SPD16_eabi.lib : fd_tou_t2.asm.obj (.text)
                  00001e10    00000038                                   : fs_tod_t2.asm.obj (.text)
                  00001e48    0000002c                                   : boot_cortex_m.c.obj (.text:_c_int00_noinit_noargs:_c_int00_noinit_noargs)
                  00001e74    0000000c     tm4c123gh6pm_startup_ccs.obj (.text)
                  00001e80    00000004     rtsv7M4_T_le_v4SPD16_eabi.lib : pre_init.c.obj (.text:_system_pre_init)
                  00001e84    00000004                                   : exit.c.obj (.text:abort:abort)

.cinit     0    00000000    00000000     UNINITIALIZED

.init_array 
*          0    00000000    00000000     UNINITIALIZED

.stack     0    20000000    00000200     UNINITIALIZED
                  20000000    00000004     rtsv7M4_T_le_v4SPD16_eabi.lib : boot_cortex_m.c.obj (.stack)
                  20000004    000001fc     --HOLE--

__llvm_prf_cnts 
*          0    20000000    00000000     UNINITIALIZED

MODULE SUMMARY

       Module                         code   ro data   rw data
       ------                         ----   -------   -------
    .\
       DIO_program.obj                2872   0         0      
       UART_program.obj               2776   0         0      
       tm4c123gh6pm_startup_ccs.obj   12     620       0      
       STK_program.obj                420    0         0      
       LED_program.obj                406    0         0      
       main.obj                       94     0         0      
    +--+------------------------------+------+---------+---------+
       Total:                         6580   620       0      
                                                              
    C:\ti\ccs1220\ccs\tools\compiler\ti-cgt-arm_20.2.7.LTS\lib\rtsv7M4_T_le_v4SPD16_eabi.lib
       fd_add_t2.asm.obj              438    0         0      
       fd_tou_t2.asm.obj              68     0         0      
       fs_tod_t2.asm.obj              56     0         0      
       boot_cortex_m.c.obj            44     0         0      
       exit.c.obj                     4      0         0      
       pre_init.c.obj                 4      0         0      
    +--+------------------------------+------+---------+---------+
       Total:                         614    0         0      
                                                              
       Stack:                         0      0         512    
    +--+------------------------------+------+---------+---------+
       Grand Total:                   7194   620       512    


GLOBAL SYMBOLS: SORTED ALPHABETICALLY BY Name 

address   name                    
-------   ----                    
00001e85  C$$EXIT                 
000007ed  DIO_u8GetPinValue       
00000be9  DIO_u8GetPortValue      
000003ab  DIO_u8SetPinDirection   
00000611  DIO_u8SetPinValue       
000009fd  DIO_u8SetPortDirection  
00000b47  DIO_u8SetPortValue      
00000c89  DIO_u8TogglePinValue    
0000026d  DIO_voidInit            
000017ed  GPS_voidReceiveString   
00001cd9  LED_voidLedBlinkOnce    
00001d4f  LED_voidLedBlinkTwice   
00001bd9  LED_voidLedInit         
00001c5f  LED_voidLedOff          
00001c1f  LED_voidLedOn           
00001c9f  LED_voidLedTog          
00001e75  ResetISR                
00001a35  STK_voidConfig          
00001b35  STK_voidDelay           
00001b99  STK_voidDelayTicks      
00001b65  STK_voidDelayUs         
00001aef  STK_voidDisable         
00001b1d  STK_voidDisableInterrupt
00001ad9  STK_voidEnable          
00001b07  STK_voidEnableInterrupt 
00001a99  STK_voidGetCurrentValue 
00001a75  STK_voidHandler         
00001a77  STK_voidReset           
00001aab  STK_voidSetReloadValue  
0000177d  UART_u8ReceiveByte      
00000da5  UART_voidInit           
000017b3  UART_voidReceiveString  
0000175d  UART_voidSendByte       
00001795  UART_voidSendString     
20000200  __STACK_END             
00000200  __STACK_SIZE            
20000200  __STACK_TOP             
ffffffff  __TI_pprof_out_hndl     
ffffffff  __TI_prof_data_size     
ffffffff  __TI_prof_data_start    
00000000  __TI_static_base__      
00001dcd  __aeabi_d2uiz           
00001887  __aeabi_dadd            
0000187d  __aeabi_dsub            
00001e11  __aeabi_f2d             
ffffffff  __binit__               
ffffffff  __c_args__              
UNDEFED   __mpu_init              
20000000  __stack                 
20000000  __start___llvm_prf_cnts 
20000000  __stop___llvm_prf_cnts  
00001e49  _c_int00_noinit_noargs  
00001e81  _system_pre_init        
00001e85  abort                   
ffffffff  binit                   
00000000  g_pfnVectors            
00001d6f  main                    


GLOBAL SYMBOLS: SORTED BY Symbol Address 

address   name                    
-------   ----                    
00000000  __TI_static_base__      
00000000  g_pfnVectors            
00000200  __STACK_SIZE            
0000026d  DIO_voidInit            
000003ab  DIO_u8SetPinDirection   
00000611  DIO_u8SetPinValue       
000007ed  DIO_u8GetPinValue       
000009fd  DIO_u8SetPortDirection  
00000b47  DIO_u8SetPortValue      
00000be9  DIO_u8GetPortValue      
00000c89  DIO_u8TogglePinValue    
00000da5  UART_voidInit           
0000175d  UART_voidSendByte       
0000177d  UART_u8ReceiveByte      
00001795  UART_voidSendString     
000017b3  UART_voidReceiveString  
000017ed  GPS_voidReceiveString   
0000187d  __aeabi_dsub            
00001887  __aeabi_dadd            
00001a35  STK_voidConfig          
00001a75  STK_voidHandler         
00001a77  STK_voidReset           
00001a99  STK_voidGetCurrentValue 
00001aab  STK_voidSetReloadValue  
00001ad9  STK_voidEnable          
00001aef  STK_voidDisable         
00001b07  STK_voidEnableInterrupt 
00001b1d  STK_voidDisableInterrupt
00001b35  STK_voidDelay           
00001b65  STK_voidDelayUs         
00001b99  STK_voidDelayTicks      
00001bd9  LED_voidLedInit         
00001c1f  LED_voidLedOn           
00001c5f  LED_voidLedOff          
00001c9f  LED_voidLedTog          
00001cd9  LED_voidLedBlinkOnce    
00001d4f  LED_voidLedBlinkTwice   
00001d6f  main                    
00001dcd  __aeabi_d2uiz           
00001e11  __aeabi_f2d             
00001e49  _c_int00_noinit_noargs  
00001e75  ResetISR                
00001e81  _system_pre_init        
00001e85  C$$EXIT                 
00001e85  abort                   
20000000  __stack                 
20000000  __start___llvm_prf_cnts 
20000000  __stop___llvm_prf_cnts  
20000200  __STACK_END             
20000200  __STACK_TOP             
ffffffff  __TI_pprof_out_hndl     
ffffffff  __TI_prof_data_size     
ffffffff  __TI_prof_data_start    
ffffffff  __binit__               
ffffffff  __c_args__              
ffffffff  binit                   
UNDEFED   __mpu_init              

[57 symbols]
